Product: MDK-ARM Professional 5.10
Component: ARM Compiler 5.04 update 1 (build 49)
Tool: armlink [5040049]

==============================================================================

Section Cross References

    main.o(.text) refers to hal.o(.text) for init
    main.o(.text) refers to tm_stm32f4_delay.o(.text) for TM_DELAY_Init
    main.o(.text) refers to adc.o(.text) for adc_soft_reset
    main.o(.text) refers to sd_processing.o(.text) for mount_sd_card
    main.o(.text) refers to main.o(.data) for program_state
    main.o(.text) refers to main.o(.bss) for adc_conf
    hal.o(.text) refers to stm32f4xx_rcc.o(.text) for RCC_AHB1PeriphClockCmd
    hal.o(.text) refers to spi.o(.text) for spi_init
    hal.o(.text) refers to hal.o(.data) for clock_initialized
    spi.o(.text) refers to stm32f4xx_spi.o(.text) for SPI_Init
    spi.o(.text) refers to spi.o(.data) for spi_state
    adc.o(.text) refers to spi.o(.text) for spi_read_reg
    adc.o(.text) refers to hal.o(.text) for delay_us
    adc.o(.text) refers to dflt_clz.o(x$fpl$dfltu) for __aeabi_ui2d
    adc.o(.text) refers to dmul.o(x$fpl$dmul) for __aeabi_dmul
    adc.o(.text) refers to adc.o(.data) for factory_config
    sd.o(.text) refers to stm32f4xx_sdio.o(.text) for SDIO_SendCommand
    sd.o(.text) refers to sd.o(.data) for RCA
    tm_stm32f4_delay.o(.text) refers to stm32f4xx_rcc.o(.text) for RCC_HSEConfig
    tm_stm32f4_delay.o(.text) refers to tm_stm32f4_delay.o(.data) for TM_TimingDelay
    tm_stm32f4_delay.o(.text) refers to system_stm32f4xx.o(.data) for SystemCoreClock
    tm_stm32f4_fatfs.o(.text) refers to ff.o(.text) for f_getfree
    diskio.o(.text) refers to fatfs_sd_sdio.o(.text) for TM_FATFS_SD_SDIO_disk_initialize
    ff.o(.text) refers to diskio.o(.text) for disk_write
    ff.o(.text) refers to unicode.o(.text) for ff_wtoupper
    ff.o(.text) refers to ff.o(.constdata) for LfnOfs
    ff.o(.text) refers to ff.o(.data) for FatFs
    ff.o(.text) refers to ff.o(.bss) for LfnBuf
    unicode.o(.text) refers to unicode.o(.constdata) for Tbl
    fatfs_sd_sdio.o(.text) refers to stm32f4xx_sdio.o(.text) for SDIO_ClearFlag
    fatfs_sd_sdio.o(.text) refers to fatfs_sd_sdio.o(.bss) for SDIO_CmdInitStructure
    fatfs_sd_sdio.o(.text) refers to fatfs_sd_sdio.o(.data) for RCA
    fatfs_sd_sdio.o(.text) refers to stm32f4xx_rcc.o(.text) for RCC_AHB1PeriphClockCmd
    fatfs_sd_sdio.o(.text) refers to stm32f4xx_gpio.o(.text) for GPIO_PinAFConfig
    fatfs_sd_sdio.o(.text) refers to misc.o(.text) for NVIC_PriorityGroupConfig
    fatfs_sd_sdio.o(.text) refers to stm32f4xx_dma.o(.text) for DMA_ClearFlag
    fatfs_sd_sdio.o(.text) refers to lludivv7m.o(.text) for __aeabi_uldivmod
    fatfs_sd_sdio.o(.text) refers to rt_memclr_w.o(.text) for __aeabi_memclr4
    sd_processing.o(.text) refers to _printf_percent.o(.ARM.Collect$$_printf_percent$$00000000) for _printf_percent
    sd_processing.o(.text) refers to _printf_d.o(.ARM.Collect$$_printf_percent$$00000009) for _printf_d
    sd_processing.o(.text) refers to _printf_f.o(.ARM.Collect$$_printf_percent$$00000003) for _printf_f
    sd_processing.o(.text) refers to _printf_dec.o(.text) for _printf_int_dec
    sd_processing.o(.text) refers to printf1.o(x$fpl$printf1) for _printf_fp_dec
    sd_processing.o(.text) refers to ff.o(.text) for f_mount
    sd_processing.o(.text) refers to tm_stm32f4_fatfs.o(.text) for TM_FATFS_DriveSize
    sd_processing.o(.text) refers to noretval__2snprintf.o(.text) for __2snprintf
    sd_processing.o(.text) refers to adc.o(.text) for adc_config_struct_init
    sd_processing.o(.text) refers to strncmp.o(.text) for strncmp
    sd_processing.o(.text) refers to strtok.o(.text) for strtok
    sd_processing.o(.text) refers to strcmpv7m.o(.text) for strcmp
    sd_processing.o(.text) refers to strtol.o(.text) for strtol
    sd_processing.o(.text) refers to sd_processing.o(.bss) for FatFs
    sd_processing.o(.text) refers to sd_processing.o(.data) for FS_STAT
    sd_processing.o(.text) refers to hal.o(.text) for timer_config_struct_init
    startup_stm32f40_41xxx.o(STACK) refers (Special) to heapauxi.o(.text) for __use_two_region_memory
    startup_stm32f40_41xxx.o(HEAP) refers (Special) to heapauxi.o(.text) for __use_two_region_memory
    startup_stm32f40_41xxx.o(RESET) refers (Special) to heapauxi.o(.text) for __use_two_region_memory
    startup_stm32f40_41xxx.o(RESET) refers to startup_stm32f40_41xxx.o(STACK) for __initial_sp
    startup_stm32f40_41xxx.o(RESET) refers to startup_stm32f40_41xxx.o(.text) for Reset_Handler
    startup_stm32f40_41xxx.o(RESET) refers to tm_stm32f4_delay.o(.text) for SysTick_Handler
    startup_stm32f40_41xxx.o(RESET) refers to fatfs_sd_sdio.o(.text) for SDIO_IRQHandler
    startup_stm32f40_41xxx.o(RESET) refers to hal.o(.text) for TIM6_DAC_IRQHandler
    startup_stm32f40_41xxx.o(.text) refers (Special) to heapauxi.o(.text) for __use_two_region_memory
    startup_stm32f40_41xxx.o(.text) refers to system_stm32f4xx.o(.text) for SystemInit
[...]
    .text                                    0x08000bdc   Section        0  adc.o(.text)
    adc_get_id                               0x08000bdd   Thumb Code    10  adc.o(.text)
    .text                                    0x08000de0   Section        0  tm_stm32f4_delay.o(.text)
    .text                                    0x08000f08   Section        0  tm_stm32f4_fatfs.o(.text)
    .text                                    0x08000f44   Section        0  diskio.o(.text)
    .text                                    0x08000fc8   Section        0  ff.o(.text)
    mem_cpy                                  0x08000fc9   Thumb Code    26  ff.o(.text)
    mem_set                                  0x08000fe3   Thumb Code    20  ff.o(.text)
    mem_cmp                                  0x08000ff7   Thumb Code    38  ff.o(.text)
    chk_chr                                  0x0800101d   Thumb Code    20  ff.o(.text)
    sync_window                              0x08001031   Thumb Code    76  ff.o(.text)
    move_window                              0x0800107d   Thumb Code    50  ff.o(.text)
    sync_fs                                  0x080010af   Thumb Code   200  ff.o(.text)
    remove_chain                             0x080013af   Thumb Code   108  ff.o(.text)
    create_chain                             0x0800141b   Thumb Code   214  ff.o(.text)
    dir_sdi                                  0x080014f1   Thumb Code   158  ff.o(.text)
    dir_next                                 0x0800158f   Thumb Code   272  ff.o(.text)
    dir_alloc                                0x0800169f   Thumb Code    92  ff.o(.text)
    ld_clust                                 0x080016fb   Thumb Code    32  ff.o(.text)
    st_clust                                 0x0800171b   Thumb Code    16  ff.o(.text)
    cmp_lfn                                  0x0800172b   Thumb Code   138  ff.o(.text)
    pick_lfn                                 0x080017b5   Thumb Code   112  ff.o(.text)
    fit_lfn                                  0x08001825   Thumb Code   122  ff.o(.text)
    gen_numname                              0x0800189f   Thumb Code   172  ff.o(.text)
    sum_sfn                                  0x0800194b   Thumb Code    32  ff.o(.text)
    dir_find                                 0x0800196b   Thumb Code   234  ff.o(.text)
    dir_read                                 0x08001a55   Thumb Code   196  ff.o(.text)
    dir_register                             0x08001b19   Thumb Code   308  ff.o(.text)
    dir_remove                               0x08001c4d   Thumb Code   106  ff.o(.text)
    get_fileinfo                             0x08001cb7   Thumb Code   254  ff.o(.text)
    create_name                              0x08001db5   Thumb Code   534  ff.o(.text)
    follow_path                              0x08001fcb   Thumb Code   144  ff.o(.text)
    get_ldnumber                             0x0800205b   Thumb Code    72  ff.o(.text)
    check_fs                                 0x080020a3   Thumb Code   140  ff.o(.text)
    find_volume                              0x0800212f   Thumb Code   920  ff.o(.text)
    validate                                 0x080024c7   Thumb Code    54  ff.o(.text)
    putc_bfd                                 0x08003607   Thumb Code    78  ff.o(.text)
    .text                                    0x08003954   Section        0  unicode.o(.text)
    .text                                    0x080039d4   Section        0  fatfs_sd_sdio.o(.text)
    CmdResp1Error                            0x080039d9   Thumb Code   284  fatfs_sd_sdio.o(.text)
    FindSCR                                  0x08003af5   Thumb Code   386  fatfs_sd_sdio.o(.text)
    SDEnWideBus                              0x08003c77   Thumb Code   274  fatfs_sd_sdio.o(.text)
    CmdResp2Error                            0x0800416d   Thumb Code    70  fatfs_sd_sdio.o(.text)
    CmdResp6Error                            0x080041b3   Thumb Code   182  fatfs_sd_sdio.o(.text)
    CmdResp3Error                            0x0800438f   Thumb Code    52  fatfs_sd_sdio.o(.text)
    CmdResp7Error                            0x080043c3   Thumb Code    72  fatfs_sd_sdio.o(.text)
    CmdError                                 0x0800440b   Thumb Code    44  fatfs_sd_sdio.o(.text)
    IsCardProgramming                        0x08005327   Thumb Code   396  fatfs_sd_sdio.o(.text)
    .text                                    0x080057ec   Section        0  sd_processing.o(.text)
    .text                                    0x08005e74   Section       64  startup_stm32f40_41xxx.o(.text)
    .text                                    0x08005eb4   Section        0  system_stm32f4xx.o(.text)
    SetSysClock                              0x08005eb5   Thumb Code   220  system_stm32f4xx.o(.text)
    .text                                    0x080060b0   Section        0  misc.o(.text)
    .text                                    0x08006190   Section        0  stm32f4xx_rcc.o(.text)
    .text                                    0x080067c0   Section        0  stm32f4xx_spi.o(.text)
    .text                                    0x08006c10   Section        0  stm32f4xx_sdio.o(.text)
    .text                                    0x08006dec   Section        0  stm32f4xx_dma.o(.text)
    .text                                    0x08007194   Section        0  stm32f4xx_gpio.o(.text)
    .text                                    0x08007428   Section      238  lludivv7m.o(.text)
    .text                                    0x08007518   Section        0  noretval__2snprintf.o(.text)
    .text                                    0x0800754c   Section        0  __printf.o(.text)
    .text                                    0x080075b4   Section        0  _printf_dec.o(.text)
    .text                                    0x08007628   Section        0  strtol.o(.text)
    .text                                    0x08007698   Section        0  strtok.o(.text)
    .text                                    0x080076a4   Section        0  strncmp.o(.text)
    .text                                    0x0800773a   Section       78  rt_memclr_w.o(.text)
    .text                                    0x08007788   Section      128  strcmpv7m.o(.text)
    .text                                    0x08007808   Section        0  heapauxi.o(.text)
    .text                                    0x08007810   Section       16  rt_ctype_table.o(.text)
    .text                                    0x08007820   Section        8  rt_errno_addr_intlibspace.o(.text)
    .text                                    0x08007828   Section        0  _printf_intcommon.o(.text)
    .text                                    0x080078da   Section        0  _printf_fp_dec.o(.text)
    _fp_digits                               0x080078dd   Thumb Code   428  _printf_fp_dec.o(.text)
    .text                                    0x08007cf0   Section        0  _printf_char_common.o(.text)
    _printf_input_char                       0x08007cf1   Thumb Code    10  _printf_char_common.o(.text)
    .text                                    0x08007d20   Section        0  _sputc.o(.text)
    .text                                    0x08007d2a   Section        0  _snputc.o(.text)
    .text                                    0x08007d3a   Section        0  _strtoul.o(.text)
    .text                                    0x08007dd8   Section        0  strtok_int.o(.text)
    .text                                    0x08007e1c   Section        8  libspace.o(.text)
    .text                                    0x08007e24   Section        8  rt_locale_intlibspace.o(.text)
    .text                                    0x08007e2c   Section      138  lludiv10.o(.text)
    .text                                    0x08007eb8   Section        0  _printf_fp_infnan.o(.text)
    .text                                    0x08007f38   Section        0  _chval.o(.text)
    .text                                    0x08007f54   Section        0  bigflt0.o(.text)
    .text                                    0x0800802c   Section        0  strcspn.o(.text)
    .text                                    0x0800804c   Section        0  strspn.o(.text)
    .text                                    0x08008068   Section       74  sys_stackheap_outer.o(.text)
    .text                                    0x080080b2   Section        0  exit.o(.text)
    .text                                    0x080080c0   Section        0  sys_exit.o(.text)
    .text                                    0x080080cc   Section        2  use_no_semi.o(.text)
    .text                                    0x080080ce   Section        0  indicate_semi.o(.text)
    CL$$btod_d2e                             0x080080ce   Section       62  btod.o(CL$$btod_d2e)
    CL$$btod_d2e_denorm_low                  0x0800810c   Section       70  btod.o(CL$$btod_d2e_denorm_low)
    CL$$btod_d2e_norm_op1                    0x08008152   Section       96  btod.o(CL$$btod_d2e_norm_op1)
    CL$$btod_div_common                      0x080081b2   Section      824  btod.o(CL$$btod_div_common)
    CL$$btod_e2e                             0x080084ea   Section      198  btod.o(CL$$btod_e2e)
    CL$$btod_ediv                            0x080085b0   Section       40  btod.o(CL$$btod_ediv)
    CL$$btod_emul                            0x080085d8   Section       40  btod.o(CL$$btod_emul)
    CL$$btod_mult_common                     0x08008600   Section      580  btod.o(CL$$btod_mult_common)
    i.__ARM_fpclassify                       0x08008844   Section        0  fpclassify.o(i.__ARM_fpclassify)
    locale$$code                             0x0800886c   Section       44  lc_ctype_c.o(locale$$code)
    locale$$code                             0x08008898   Section       44  lc_numeric_c.o(locale$$code)
    x$fpl$dfltu                              0x080088c4   Section       38  dflt_clz.o(x$fpl$dfltu)
    x$fpl$dmul                               0x080088ec   Section      340  dmul.o(x$fpl$dmul)
    x$fpl$dnaninf                            0x08008a40   Section      156  dnaninf.o(x$fpl$dnaninf)
    x$fpl$dretinf                            0x08008adc   Section       12  dretinf.o(x$fpl$dretinf)
    x$fpl$printf1                            0x08008ae8   Section        4  printf1.o(x$fpl$printf1)
    .constdata                               0x08008aec   Section      141  ff.o(.constdata)
    x$fpl$usenofp                            0x08008aec   Section        0  usenofp.o(x$fpl$usenofp)
    ExCvt                                    0x08008aec   Data         128  ff.o(.constdata)
    LfnOfs                                   0x08008b6c   Data          13  ff.o(.constdata)
    .constdata                               0x08008b7a   Section     1216  unicode.o(.constdata)
    Tbl                                      0x08008b7a   Data         256  unicode.o(.constdata)
    tbl_lower                                0x08008c7a   Data         480  unicode.o(.constdata)
    tbl_upper                                0x08008e5a   Data         480  unicode.o(.constdata)
    .constdata                               0x0800903c   Section      148  bigflt0.o(.constdata)
    tenpwrs_x                                0x0800903c   Data          60  bigflt0.o(.constdata)
    tenpwrs_i                                0x08009078   Data          64  bigflt0.o(.constdata)
    locale$$data                             0x080090f0   Section      272  lc_ctype_c.o(locale$$data)
    __lcctype_c_name                         0x080090f4   Data           2  lc_ctype_c.o(locale$$data)
    __lcctype_c_start                        0x080090fc   Data           0  lc_ctype_c.o(locale$$data)
    locale$$data                             0x08009200   Section       28  lc_numeric_c.o(locale$$data)
    __lcctype_c_end                          0x08009200   Data           0  lc_ctype_c.o(locale$$data)
    __lcnum_c_name                           0x08009204   Data           2  lc_numeric_c.o(locale$$data)
    __lcnum_c_start                          0x0800920c   Data           0  lc_numeric_c.o(locale$$data)
    __lcnum_c_point                          0x08009218   Data           0  lc_numeric_c.o(locale$$data)
    __lcnum_c_thousands                      0x0800921a   Data           0  lc_numeric_c.o(locale$$data)
    __lcnum_c_grouping                       0x0800921b   Data           0  lc_numeric_c.o(locale$$data)
    __lcnum_c_end                            0x0800921c   Data           0  lc_numeric_c.o(locale$$data)
    .data                                    0x20000000   Section       21  main.o(.data)
    TM_TimingDelay                           0x20000000   Data           4  main.o(.data)
    TM_Time                                  0x20000004   Data           4  main.o(.data)
    TM_Time2                                 0x20000008   Data           4  main.o(.data)
    .data                                    0x20000018   Section       24  hal.o(.data)
    .data                                    0x20000030   Section        1  spi.o(.data)
    .data                                    0x20000031   Section       18  adc.o(.data)
    factory_config                           0x20000031   Data           9  adc.o(.data)
    .data                                    0x20000044   Section       13  tm_stm32f4_delay.o(.data)
    TM_Time2                                 0x20000044   Data           4  tm_stm32f4_delay.o(.data)
    TM_TimingDelay                           0x20000048   Data           4  tm_stm32f4_delay.o(.data)
    TM_Time                                  0x2000004c   Data           4  tm_stm32f4_delay.o(.data)
    .data                                    0x20000054   Section        6  ff.o(.data)
    FatFs                                    0x20000054   Data           4  ff.o(.data)
    Fsid                                     0x20000058   Data           2  ff.o(.data)
    .data                                    0x2000005c   Section       37  fatfs_sd_sdio.o(.data)
    TM_TimingDelay                           0x2000005c   Data           4  fatfs_sd_sdio.o(.data)
    TM_Time                                  0x20000060   Data           4  fatfs_sd_sdio.o(.data)
    TM_Time2                                 0x20000064   Data           4  fatfs_sd_sdio.o(.data)
    CardType                                 0x20000068   Data           4  fatfs_sd_sdio.o(.data)
    RCA                                      0x2000006c   Data           4  fatfs_sd_sdio.o(.data)
    TM_FATFS_SD_SDIO_Stat                    0x20000080   Data           1  fatfs_sd_sdio.o(.data)
    .data                                    0x20000081   Section      494  sd_processing.o(.data)
    FS_STAT                                  0x20000081   Data           1  sd_processing.o(.data)
    .data                                    0x20000270   Section       20  system_stm32f4xx.o(.data)
    .data                                    0x20000284   Section       16  stm32f4xx_rcc.o(.data)
    APBAHBPrescTable                         0x20000284   Data          16  stm32f4xx_rcc.o(.data)
    .data                                    0x20000294   Section        4  strtok.o(.data)
    _strtok_saves1                           0x20000294   Data           4  strtok.o(.data)
    .bss                                     0x20000298   Section        9  main.o(.bss)
    .bss                                     0x200002a2   Section      512  ff.o(.bss)
    LfnBuf                                   0x200002a2   Data         512  ff.o(.bss)
    .bss                                     0x200004a8   Section      204  fatfs_sd_sdio.o(.bss)
    CSD_Tab                                  0x200004a8   Data          16  fatfs_sd_sdio.o(.bss)
    CID_Tab                                  0x200004b8   Data          16  fatfs_sd_sdio.o(.bss)
    SDSTATUS_Tab                             0x200004c8   Data          16  fatfs_sd_sdio.o(.bss)
    .bss                                     0x20000574   Section    17580  sd_processing.o(.bss)
    FatFs                                    0x20000574   Data         560  sd_processing.o(.bss)
    adc_config_file                          0x200007a4   Data         548  sd_processing.o(.bss)
    timer_config_file                        0x200009c8   Data         548  sd_processing.o(.bss)
    data_files_opened                        0x20000bec   Data          29  sd_processing.o(.bss)
    data_files                               0x20000c0c   Data       15892  sd_processing.o(.bss)
    .bss                                     0x20004a20   Section       96  libspace.o(.bss)
    HEAP                                     0x20004a80   Section      512  startup_stm32f40_41xxx.o(HEAP)
    Heap_Mem                                 0x20004a80   Data         512  startup_stm32f40_41xxx.o(HEAP)
    STACK                                    0x20004c80   Section     1024  startup_stm32f40_41xxx.o(STACK)
    Stack_Mem                                0x20004c80   Data        1024  startup_stm32f40_41xxx.o(STACK)
    __initial_sp                             0x20005080   Data           0  startup_stm32f40_41xxx.o(STACK)

    Global Symbols

    Symbol Name                              Value     Ov Type        Size  Object(Section)

    BuildAttributes$$THM_ISAv4$E$P$D$K$B$S$7EM$PE$A:L22UL41UL21$X:L11$S22US41US21$IEEE1$IW$USESV6$~STKCKD$USESV7$~SHL$OTIME$ROPI$IEEEJ$EBA8$UX$STANDARDLIB$REQ8$PRES8$EABIv2 0x00000000   Number         0  anon$$obj.o ABSOLUTE
    __ARM_use_no_argv                        0x00000000   Number         0  main.o ABSOLUTE
    __ARM_exceptions_init                     - Undefined Weak Reference
    __alloca_initialize                       - Undefined Weak Reference
    __cpp_initialize__aeabi_                  - Undefined Weak Reference
    __cxa_finalize                            - Undefined Weak Reference
    __sigvec_lookup                           - Undefined Weak Reference
    _atexit_init                              - Undefined Weak Reference
    _call_atexit_fns                          - Undefined Weak Reference
    _clock_init                               - Undefined Weak Reference
    _fp_trap_init                             - Undefined Weak Reference
    _fp_trap_shutdown                         - Undefined Weak Reference
    _get_lc_collate                           - Undefined Weak Reference
    _get_lc_monetary                          - Undefined Weak Reference
    _get_lc_time                              - Undefined Weak Reference
    _getenv_init                              - Undefined Weak Reference
    _handle_redirection                       - Undefined Weak Reference
    _init_alloc                               - Undefined Weak Reference
    _init_user_alloc                          - Undefined Weak Reference
    _initio                                   - Undefined Weak Reference
    _printf_post_padding                      - Undefined Weak Reference
    _printf_pre_padding                       - Undefined Weak Reference
    _printf_truncate_signed                   - Undefined Weak Reference
    _printf_truncate_unsigned                 - Undefined Weak Reference
    _rand_init                                - Undefined Weak Reference
    _signal_finish                            - Undefined Weak Reference
    _signal_init                              - Undefined Weak Reference
    _terminate_alloc                          - Undefined Weak Reference
    _terminate_user_alloc                     - Undefined Weak Reference
    _terminateio                              - Undefined Weak Reference
    __Vectors_Size                           0x00000188   Number         0  startup_stm32f40_41xxx.o ABSOLUTE
    __Vectors                                0x08000000   Data           4  startup_stm32f40_41xxx.o(RESET)
    __Vectors_End                            0x08000188   Data           0  startup_stm32f40_41xxx.o(RESET)
    __main                                   0x08000189   Thumb Code     8  __main.o(!!!main)
    __scatterload                            0x08000191   Thumb Code     0  __scatter.o(!!!scatter)
    __scatterload_rt2                        0x08000191   Thumb Code    44  __scatter.o(!!!scatter)
    __scatterload_rt2_thumb_only             0x08000191   Thumb Code     0  __scatter.o(!!!scatter)
    __scatterload_null                       0x0800019f   Thumb Code     0  __scatter.o(!!!scatter)
    __decompress                             0x080001c5   Thumb Code    90  __dczerorl2.o(!!dczerorl2)
    __decompress1                            0x080001c5   Thumb Code     0  __dczerorl2.o(!!dczerorl2)
    __scatterload_zeroinit                   0x08000221   Thumb Code    28  __scatter_zi.o(!!handler_zi)
    _printf_f                                0x0800023d   Thumb Code     0  _printf_f.o(.ARM.Collect$$_printf_percent$$00000003)
    _printf_percent                          0x0800023d   Thumb Code     0  _printf_percent.o(.ARM.Collect$$_printf_percent$$00000000)
    _printf_d                                0x08000243   Thumb Code     0  _printf_d.o(.ARM.Collect$$_printf_percent$$00000009)
    _printf_percent_end                      0x08000249   Thumb Code     0  _printf_percent_end.o(.ARM.Collect$$_printf_percent$$00000017)
    __rt_lib_init                            0x0800024d   Thumb Code     0  libinit.o(.ARM.Collect$$libinit$$00000000)
    __rt_lib_init_fp_1                       0x0800024f   Thumb Code     0  libinit2.o(.ARM.Collect$$libinit$$00000002)
    __rt_lib_init_heap_1                     0x0800024f   Thumb Code     0  libinit2.o(.ARM.Collect$$libinit$$00000008)
    __rt_lib_init_lc_common                  0x0800024f   Thumb Code     0  libinit2.o(.ARM.Collect$$libinit$$0000000D)
    __rt_lib_init_rand_1                     0x0800024f   Thumb Code     0  libinit2.o(.ARM.Collect$$libinit$$0000000C)
    __rt_lib_init_user_alloc_1               0x0800024f   Thumb Code     0  libinit2.o(.ARM.Collect$$libinit$$0000000A)
    __rt_lib_init_lc_collate_1               0x08000255   Thumb Code     0  libinit2.o(.ARM.Collect$$libinit$$0000000F)
    __rt_lib_init_lc_ctype_2                 0x08000255   Thumb Code     0  libinit2.o(.ARM.Collect$$libinit$$00000010)
    __rt_lib_init_lc_ctype_1                 0x08000261   Thumb Code     0  libinit2.o(.ARM.Collect$$libinit$$00000011)
    __rt_lib_init_lc_monetary_1              0x08000261   Thumb Code     0  libinit2.o(.ARM.Collect$$libinit$$00000013)
    __rt_lib_init_lc_numeric_2               0x08000261   Thumb Code     0  libinit2.o(.ARM.Collect$$libinit$$00000014)
    __rt_lib_init_alloca_1                   0x0800026b   Thumb Code     0  libinit2.o(.ARM.Collect$$libinit$$0000002C)
    __rt_lib_init_argv_1                     0x0800026b   Thumb Code     0  libinit2.o(.ARM.Collect$$libinit$$0000002A)
    __rt_lib_init_atexit_1                   0x0800026b   Thumb Code     0  libinit2.o(.ARM.Collect$$libinit$$00000019)
    __rt_lib_init_clock_1                    0x0800026b   Thumb Code     0  libinit2.o(.ARM.Collect$$libinit$$0000001F)
    __rt_lib_init_cpp_1                      0x0800026b   Thumb Code     0  libinit2.o(.ARM.Collect$$libinit$$00000030)
    __rt_lib_init_exceptions_1               0x0800026b   Thumb Code     0  libinit2.o(.ARM.Collect$$libinit$$0000002E)
    __rt_lib_init_fp_trap_1                  0x0800026b   Thumb Code     0  libinit2.o(.ARM.Collect$$libinit$$0000001D)
    __rt_lib_init_getenv_1                   0x0800026b   Thumb Code     0  libinit2.o(.ARM.Collect$$libinit$$00000021)
    __rt_lib_init_lc_numeric_1               0x0800026b   Thumb Code     0  libinit2.o(.ARM.Collect$$libinit$$00000015)
    __rt_lib_init_lc_time_1                  0x0800026b   Thumb Code     0  libinit2.o(.ARM.Collect$$libinit$$00000017)
    __rt_lib_init_return                     0x0800026b   Thumb Code     0  libinit2.o(.ARM.Collect$$libinit$$00000031)
    __rt_lib_init_signal_1                   0x0800026b   Thumb Code     0  libinit2.o(.ARM.Collect$$libinit$$0000001B)
    __rt_lib_init_stdio_1                    0x0800026b   Thumb Code     0  libinit2.o(.ARM.Collect$$libinit$$00000023)
    __rt_lib_shutdown                        0x0800026d   Thumb Code     0  libshutdown.o(.ARM.Collect$$libshutdown$$00000000)
    __rt_lib_shutdown_fp_trap_1              0x0800026f   Thumb Code     0  libshutdown2.o(.ARM.Collect$$libshutdown$$00000006)
    __rt_lib_shutdown_heap_1                 0x0800026f   Thumb Code     0  libshutdown2.o(.ARM.Collect$$libshutdown$$0000000E)
    __rt_lib_shutdown_return                 0x0800026f   Thumb Code     0  libshutdown2.o(.ARM.Collect$$libshutdown$$0000000F)
    __rt_lib_shutdown_signal_1               0x0800026f   Thumb Code     0  libshutdown2.o(.ARM.Collect$$libshutdown$$00000009)
    __rt_lib_shutdown_stdio_1                0x0800026f   Thumb Code     0  libshutdown2.o(.ARM.Collect$$libshutdown$$00000003)
    __rt_lib_shutdown_user_alloc_1           0x0800026f   Thumb Code     0  libshutdown2.o(.ARM.Collect$$libshutdown$$0000000B)
    __rt_entry                               0x08000271   Thumb Code     0  rtentry.o(.ARM.Collect$$rtentry$$00000000)
    __rt_entry_presh_1                       0x08000271   Thumb Code     0  rtentry2.o(.ARM.Collect$$rtentry$$00000002)
    __rt_entry_sh                            0x08000271   Thumb Code     0  rtentry4.o(.ARM.Collect$$rtentry$$00000004)
    __rt_entry_li                            0x08000277   Thumb Code     0  rtentry2.o(.ARM.Collect$$rtentry$$0000000A)
    __rt_entry_postsh_1                      0x08000277   Thumb Code     0  rtentry2.o(.ARM.Collect$$rtentry$$00000009)
    __rt_entry_main                          0x0800027b   Thumb Code     0  rtentry2.o(.ARM.Collect$$rtentry$$0000000D)
    __rt_entry_postli_1                      0x0800027b   Thumb Code     0  rtentry2.o(.ARM.Collect$$rtentry$$0000000C)
    __rt_exit                                0x08000283   Thumb Code     0  rtexit.o(.ARM.Collect$$rtexit$$00000000)
    __rt_exit_ls                             0x08000285   Thumb Code     0  rtexit2.o(.ARM.Collect$$rtexit$$00000003)
    __rt_exit_prels_1                        0x08000285   Thumb Code     0  rtexit2.o(.ARM.Collect$$rtexit$$00000002)
    __rt_exit_exit                           0x08000289   Thumb Code     0  rtexit2.o(.ARM.Collect$$rtexit$$00000004)
    main                                     0x08000291   Thumb Code   434  main.o(.text)
    delay_us                                 0x080004c7   Thumb Code    40  hal.o(.text)
    led_off                                  0x080004ef   Thumb Code    14  hal.o(.text)
    led_on                                   0x080004fd   Thumb Code    30  hal.o(.text)
    error_loop                               0x0800051b   Thumb Code    64  hal.o(.text)
    init                                     0x080007f1   Thumb Code    20  hal.o(.text)
    timer_config_struct_init                 0x08000805   Thumb Code     8  hal.o(.text)
    init_timer                               0x0800080d   Thumb Code    82  hal.o(.text)
    start_tmier                              0x0800085f   Thumb Code    14  hal.o(.text)
    stop_timer                               0x0800086d   Thumb Code    14  hal.o(.text)
    get_timestamp                            0x0800087b   Thumb Code     6  hal.o(.text)
    TIM6_DAC_IRQHandler                      0x08000881   Thumb Code    24  hal.o(.text)
    spi_test                                 0x08000967   Thumb Code   108  spi.o(.text)
    spi_init                                 0x080009d3   Thumb Code    96  spi.o(.text)
    spi_read_reg                             0x08000a33   Thumb Code    34  spi.o(.text)
    spi_write_reg                            0x08000a55   Thumb Code    40  spi.o(.text)
    spi_read_direct                          0x08000a7d   Thumb Code   128  spi.o(.text)
    spi_read_channel                         0x08000afd   Thumb Code   188  spi.o(.text)
    spi_pulse_convert                        0x08000bb9   Thumb Code    12  spi.o(.text)
    spi_reset                                0x08000bc5   Thumb Code    12  spi.o(.text)
    adc_config_struct_init                   0x08000be7   Thumb Code    16  adc.o(.text)
    adc_hard_reset                           0x08000bf7   Thumb Code    58  adc.o(.text)
    adc_soft_reset                           0x08000c31   Thumb Code    14  adc.o(.text)
    adc_check_config                         0x08000c3f   Thumb Code   186  adc.o(.text)
    adc_write_config                         0x08000cf9   Thumb Code   114  adc.o(.text)
    adc_check_connect                        0x08000d6b   Thumb Code    20  adc.o(.text)
    adc_get_next_ch_val                      0x08000d7f   Thumb Code    80  adc.o(.text)
    Delay                                    0x08000de1   Thumb Code    20  tm_stm32f4_delay.o(.text)
    Delayms                                  0x08000df5   Thumb Code    26  tm_stm32f4_delay.o(.text)
    SysTick_Handler                          0x08000e0f   Thumb Code    44  tm_stm32f4_delay.o(.text)
    TM_DELAY_Init                            0x08000e3b   Thumb Code   120  tm_stm32f4_delay.o(.text)
    TM_DELAY_Time                            0x08000eb3   Thumb Code     6  tm_stm32f4_delay.o(.text)
    TM_DELAY_Time2                           0x08000eb9   Thumb Code     6  tm_stm32f4_delay.o(.text)
    TM_DELAY_SetTime                         0x08000ebf   Thumb Code     6  tm_stm32f4_delay.o(.text)
    TM_DELAY_SetTime2                        0x08000ec5   Thumb Code     6  tm_stm32f4_delay.o(.text)
    TM_DELAY_EnableSystick                   0x08000ecb   Thumb Code    20  tm_stm32f4_delay.o(.text)
    TM_DELAY_DisableSystick                  0x08000edf   Thumb Code    10  tm_stm32f4_delay.o(.text)
    TM_FATFS_DriveSize                       0x08000f09   Thumb Code    56  tm_stm32f4_fatfs.o(.text)
    disk_initialize                          0x08000f45   Thumb Code    16  diskio.o(.text)
    disk_status                              0x08000f55   Thumb Code    16  diskio.o(.text)
    disk_read                                0x08000f65   Thumb Code    34  diskio.o(.text)
    disk_write                               0x08000f87   Thumb Code    34  diskio.o(.text)
    disk_ioctl                               0x08000fa9   Thumb Code    24  diskio.o(.text)
    get_fattime                              0x08000fc1   Thumb Code     4  diskio.o(.text)
    clust2sect                               0x08001177   Thumb Code    26  ff.o(.text)
    get_fat                                  0x08001191   Thumb Code   232  ff.o(.text)
    put_fat                                  0x08001279   Thumb Code   310  ff.o(.text)
    f_mount                                  0x080024fd   Thumb Code    86  ff.o(.text)
    f_open                                   0x08002553   Thumb Code   358  ff.o(.text)
    f_read                                   0x080026b9   Thumb Code   438  ff.o(.text)
    f_write                                  0x0800286f   Thumb Code   472  ff.o(.text)
    f_sync                                   0x08002a47   Thumb Code   176  ff.o(.text)
    f_close                                  0x08002af7   Thumb Code    32  ff.o(.text)
    f_lseek                                  0x08002b17   Thumb Code   382  ff.o(.text)
    f_opendir                                0x08002c95   Thumb Code   114  ff.o(.text)
    f_closedir                               0x08002d07   Thumb Code    22  ff.o(.text)
    f_readdir                                0x08002d1d   Thumb Code    92  ff.o(.text)
    f_stat                                   0x08002d79   Thumb Code    64  ff.o(.text)
    f_getfree                                0x08002db9   Thumb Code   258  ff.o(.text)
    f_truncate                               0x08002ebb   Thumb Code   184  ff.o(.text)
    f_unlink                                 0x08002f73   Thumb Code   174  ff.o(.text)
    f_mkdir                                  0x08003021   Thumb Code   360  ff.o(.text)
    f_chmod                                  0x08003189   Thumb Code    88  ff.o(.text)
    f_utime                                  0x080031e1   Thumb Code    90  ff.o(.text)
    f_rename                                 0x0800323b   Thumb Code   288  ff.o(.text)
    f_getlabel                               0x0800335b   Thumb Code   190  ff.o(.text)
    f_setlabel                               0x08003419   Thumb Code   408  ff.o(.text)
    f_gets                                   0x080035b1   Thumb Code    86  ff.o(.text)
    f_putc                                   0x08003655   Thumb Code    64  ff.o(.text)
    f_puts                                   0x08003695   Thumb Code    74  ff.o(.text)
    f_printf                                 0x080036df   Thumb Code   628  ff.o(.text)
    ff_convert                               0x08003955   Thumb Code    70  unicode.o(.text)
    ff_wtoupper                              0x0800399b   Thumb Code    46  unicode.o(.text)
    TM_FATFS_SDIO_WriteEnabled               0x080039d5   Thumb Code     4  fatfs_sd_sdio.o(.text)
    SD_EnableWideBusOperation                0x08003d89   Thumb Code   166  fatfs_sd_sdio.o(.text)
    SD_SelectDeselect                        0x08003e2f   Thumb Code    50  fatfs_sd_sdio.o(.text)
    SD_GetCardInfo                           0x08003e61   Thumb Code   780  fatfs_sd_sdio.o(.text)
    SD_InitializeCards                       0x08004269   Thumb Code   294  fatfs_sd_sdio.o(.text)
    SD_PowerON                               0x08004437   Thumb Code   406  fatfs_sd_sdio.o(.text)
    SD_Init                                  0x080045cd   Thumb Code   128  fatfs_sd_sdio.o(.text)
    SD_LowLevel_Init                         0x0800464d   Thumb Code   198  fatfs_sd_sdio.o(.text)
    SD_LowLevel_DeInit                       0x08004713   Thumb Code   140  fatfs_sd_sdio.o(.text)
    TM_FATFS_SD_SDIO_disk_initialize         0x0800479f   Thumb Code   136  fatfs_sd_sdio.o(.text)
    SD_Detect                                0x08004827   Thumb Code    12  fatfs_sd_sdio.o(.text)
    TM_FATFS_SD_SDIO_disk_status             0x08004833   Thumb Code    52  fatfs_sd_sdio.o(.text)
    SD_SendStatus                            0x08004867   Thumb Code    74  fatfs_sd_sdio.o(.text)
    SD_GetState                              0x080048b1   Thumb Code    38  fatfs_sd_sdio.o(.text)
    SD_GetStatus                             0x080048d7   Thumb Code    30  fatfs_sd_sdio.o(.text)
    SD_StopTransfer                          0x080048f5   Thumb Code    46  fatfs_sd_sdio.o(.text)
    SD_WaitReadOperation                     0x08004923   Thumb Code   126  fatfs_sd_sdio.o(.text)
    SD_LowLevel_DMA_RxConfig                 0x080049a1   Thumb Code   138  fatfs_sd_sdio.o(.text)
    SD_ReadMultiBlocks                       0x08004a2b   Thumb Code   274  fatfs_sd_sdio.o(.text)
    TM_FATFS_SD_SDIO_disk_read               0x08004b3d   Thumb Code    72  fatfs_sd_sdio.o(.text)
    SD_WaitWriteOperation                    0x08004b85   Thumb Code   108  fatfs_sd_sdio.o(.text)
    SD_LowLevel_DMA_TxConfig                 0x08004bf1   Thumb Code   138  fatfs_sd_sdio.o(.text)
    SD_WriteMultiBlocks                      0x08004c7b   Thumb Code   314  fatfs_sd_sdio.o(.text)
    TM_FATFS_SD_SDIO_disk_write              0x08004db5   Thumb Code    68  fatfs_sd_sdio.o(.text)
    TM_FATFS_SD_SDIO_disk_ioctl              0x08004df9   Thumb Code    42  fatfs_sd_sdio.o(.text)
    SD_ProcessIRQSrc                         0x08004e23   Thumb Code   162  fatfs_sd_sdio.o(.text)
    SDIO_IRQHandler                          0x08004ec5   Thumb Code    52  fatfs_sd_sdio.o(.text)
    SD_ProcessDMAIRQ                         0x08004ef9   Thumb Code    32  fatfs_sd_sdio.o(.text)
    DMA2_Stream3_IRQHandler                  0x08004f19   Thumb Code     8  fatfs_sd_sdio.o(.text)
    SD_DeInit                                0x08004f21   Thumb Code     8  fatfs_sd_sdio.o(.text)
    SD_PowerOFF                              0x08004f29   Thumb Code    14  fatfs_sd_sdio.o(.text)
    SD_SendSDStatus                          0x08004f37   Thumb Code   368  fatfs_sd_sdio.o(.text)
    SD_GetCardStatus                         0x080050a7   Thumb Code   156  fatfs_sd_sdio.o(.text)
    SD_ReadBlock                             0x08005143   Thumb Code   212  fatfs_sd_sdio.o(.text)
    SD_WriteBlock                            0x08005217   Thumb Code   254  fatfs_sd_sdio.o(.text)
    SD_GetTransferState                      0x08005315   Thumb Code    18  fatfs_sd_sdio.o(.text)
    SD_Erase                                 0x080054b3   Thumb Code   344  fatfs_sd_sdio.o(.text)
    convert_from_bytes_to_power_of_two       0x0800560b   Thumb Code    18  fatfs_sd_sdio.o(.text)
    SD_HighSpeed                             0x0800561d   Thumb Code   460  fatfs_sd_sdio.o(.text)
    mount_sd_card                            0x080057ed   Thumb Code    24  sd_processing.o(.text)
    check_sd_card_size                       0x08005805   Thumb Code    28  sd_processing.o(.text)
    unmount_sd_card                          0x08005821   Thumb Code    20  sd_processing.o(.text)
    open_log_file                            0x08005835   Thumb Code   112  sd_processing.o(.text)
    close_log_files                          0x080058a5   Thumb Code    40  sd_processing.o(.text)
    log_data                                 0x080058cd   Thumb Code    62  sd_processing.o(.text)
    read_config_from_file                    0x0800590b   Thumb Code  1144  sd_processing.o(.text)
    read_timer_setting_from_file             0x08005d83   Thumb Code   192  sd_processing.o(.text)
    Reset_Handler                            0x08005e75   Thumb Code     8  startup_stm32f40_41xxx.o(.text)
    NMI_Handler                              0x08005e7d   Thumb Code     2  startup_stm32f40_41xxx.o(.text)
    HardFault_Handler                        0x08005e7f   Thumb Code     2  startup_stm32f40_41xxx.o(.text)
    MemManage_Handler                        0x08005e81   Thumb Code     2  startup_stm32f40_41xxx.o(.text)
    BusFault_Handler                         0x08005e83   Thumb Code     2  startup_stm32f40_41xxx.o(.text)
    UsageFault_Handler                       0x08005e85   Thumb Code     2  startup_stm32f40_41xxx.o(.text)
    SVC_Handler                              0x08005e87   Thumb Code     2  startup_stm32f40_41xxx.o(.text)
    DebugMon_Handler                         0x08005e89   Thumb Code     2  startup_stm32f40_41xxx.o(.text)
    PendSV_Handler                           0x08005e8b   Thumb Code     2  startup_stm32f40_41xxx.o(.text)
    ADC_IRQHandler                           0x08005e8f   Thumb Code     0  startup_stm32f40_41xxx.o(.text)
    CAN1_RX0_IRQHandler                      0x08005e8f   Thumb Code     0  startup_stm32f40_41xxx.o(.text)
    CAN1_RX1_IRQHandler                      0x08005e8f   Thumb Code     0  startup_stm32f40_41xxx.o(.text)
    CAN1_SCE_IRQHandler                      0x08005e8f   Thumb Code     0  startup_stm32f40_41xxx.o(.text)
    CAN1_TX_IRQHandler                       0x08005e8f   Thumb Code     0  startup_stm32f40_41xxx.o(.text)
    CAN2_RX0_IRQHandler                      0x08005e8f   Thumb Code     0  startup_stm32f40_41xxx.o(.text)
    CAN2_RX1_IRQHandler                      0x08005e8f   Thumb Code     0  startup_stm32f40_41xxx.o(.text)
    CAN2_SCE_IRQHandler                      0x08005e8f   Thumb Code     0  startup_stm32f40_41xxx.o(.text)
    CAN2_TX_IRQHandler                       0x08005e8f   Thumb Code     0  startup_stm32f40_41xxx.o(.text)
    CRYP_IRQHandler                          0x08005e8f   Thumb Code     0  startup_stm32f40_41xxx.o(.text)
    DCMI_IRQHandler                          0x08005e8f   Thumb Code     0  startup_stm32f40_41xxx.o(.text)
    DMA1_Stream0_IRQHandler                  0x08005e8f   Thumb Code     0  startup_stm32f40_41xxx.o(.text)
    DMA1_Stream1_IRQHandler                  0x08005e8f   Thumb Code     0  startup_stm32f40_41xxx.o(.text)
    DMA1_Stream2_IRQHandler                  0x08005e8f   Thumb Code     0  startup_stm32f40_41xxx.o(.text)
    DMA1_Stream3_IRQHandler                  0x08005e8f   Thumb Code     0  startup_stm32f40_41xxx.o(.text)
    DMA1_Stream4_IRQHandler                  0x08005e8f   Thumb Code     0  startup_stm32f40_41xxx.o(.text)
    DMA1_Stream5_IRQHandler                  0x08005e8f   Thumb Code     0  startup_stm32f40_41xxx.o(.text)
    DMA1_Stream6_IRQHandler                  0x08005e8f   Thumb Code     0  startup_stm32f40_41xxx.o(.text)
    DMA1_Stream7_IRQHandler                  0x08005e8f   Thumb Code     0  startup_stm32f40_41xxx.o(.text)
    DMA2_Stream0_IRQHandler                  0x08005e8f   Thumb Code     0  startup_stm32f40_41xxx.o(.text)
    DMA2_Stream1_IRQHandler                  0x08005e8f   Thumb Code     0  startup_stm32f40_41xxx.o(.text)
    DMA2_Stream2_IRQHandler                  0x08005e8f   Thumb Code     0  startup_stm32f40_41xxx.o(.text)
    DMA2_Stream4_IRQHandler                  0x08005e8f   Thumb Code     0  startup_stm32f40_41xxx.o(.text)
    DMA2_Stream5_IRQHandler                  0x08005e8f   Thumb Code     0  startup_stm32f40_41xxx.o(.text)
    DMA2_Stream6_IRQHandler                  0x08005e8f   Thumb Code     0  startup_stm32f40_41xxx.o(.text)
    DMA2_Stream7_IRQHandler                  0x08005e8f   Thumb Code     0  startup_stm32f40_41xxx.o(.text)
    ETH_IRQHandler                           0x08005e8f   Thumb Code     0  startup_stm32f40_41xxx.o(.text)
    ETH_WKUP_IRQHandler                      0x08005e8f   Thumb Code     0  startup_stm32f40_41xxx.o(.text)
    EXTI0_IRQHandler                         0x08005e8f   Thumb Code     0  startup_stm32f40_41xxx.o(.text)
    EXTI15_10_IRQHandler                     0x08005e8f   Thumb Code     0  startup_stm32f40_41xxx.o(.text)
    EXTI1_IRQHandler                         0x08005e8f   Thumb Code     0  startup_stm32f40_41xxx.o(.text)
    EXTI2_IRQHandler                         0x08005e8f   Thumb Code     0  startup_stm32f40_41xxx.o(.text)
    EXTI3_IRQHandler                         0x08005e8f   Thumb Code     0  startup_stm32f40_41xxx.o(.text)
    EXTI4_IRQHandler                         0x08005e8f   Thumb Code     0  startup_stm32f40_41xxx.o(.text)
    EXTI9_5_IRQHandler                       0x08005e8f   Thumb Code     0  startup_stm32f40_41xxx.o(.text)
    FLASH_IRQHandler                         0x08005e8f   Thumb Code     0  startup_stm32f40_41xxx.o(.text)
    FPU_IRQHandler                           0x08005e8f   Thumb Code     0  startup_stm32f40_41xxx.o(.text)
    FSMC_IRQHandler                          0x08005e8f   Thumb Code     0  startup_stm32f40_41xxx.o(.text)
    HASH_RNG_IRQHandler                      0x08005e8f   Thumb Code     0  startup_stm32f40_41xxx.o(.text)
    I2C1_ER_IRQHandler                       0x08005e8f   Thumb Code     0  startup_stm32f40_41xxx.o(.text)
    I2C1_EV_IRQHandler                       0x08005e8f   Thumb Code     0  startup_stm32f40_41xxx.o(.text)
    I2C2_ER_IRQHandler                       0x08005e8f   Thumb Code     0  startup_stm32f40_41xxx.o(.text)
    I2C2_EV_IRQHandler                       0x08005e8f   Thumb Code     0  startup_stm32f40_41xxx.o(.text)
    I2C3_ER_IRQHandler                       0x08005e8f   Thumb Code     0  startup_stm32f40_41xxx.o(.text)
    I2C3_EV_IRQHandler                       0x08005e8f   Thumb Code     0  startup_stm32f40_41xxx.o(.text)
    OTG_FS_IRQHandler                        0x08005e8f   Thumb Code     0  startup_stm32f40_41xxx.o(.text)
    OTG_FS_WKUP_IRQHandler                   0x08005e8f   Thumb Code     0  startup_stm32f40_41xxx.o(.text)
    OTG_HS_EP1_IN_IRQHandler                 0x08005e8f   Thumb Code     0  startup_stm32f40_41xxx.o(.text)
    OTG_HS_EP1_OUT_IRQHandler                0x08005e8f   Thumb Code     0  startup_stm32f40_41xxx.o(.text)
    OTG_HS_IRQHandler                        0x08005e8f   Thumb Code     0  startup_stm32f40_41xxx.o(.text)
    OTG_HS_WKUP_IRQHandler                   0x08005e8f   Thumb Code     0  startup_stm32f40_41xxx.o(.text)
    PVD_IRQHandler                           0x08005e8f   Thumb Code     0  startup_stm32f40_41xxx.o(.text)
    RCC_IRQHandler                           0x08005e8f   Thumb Code     0  startup_stm32f40_41xxx.o(.text)
    RTC_Alarm_IRQHandler                     0x08005e8f   Thumb Code     0  startup_stm32f40_41xxx.o(.text)
    RTC_WKUP_IRQHandler                      0x08005e8f   Thumb Code     0  startup_stm32f40_41xxx.o(.text)
    SPI1_IRQHandler                          0x08005e8f   Thumb Code     0  startup_stm32f40_41xxx.o(.text)
    SPI2_IRQHandler                          0x08005e8f   Thumb Code     0  startup_stm32f40_41xxx.o(.text)
    SPI3_IRQHandler                          0x08005e8f   Thumb Code     0  startup_stm32f40_41xxx.o(.text)
    TAMP_STAMP_IRQHandler                    0x08005e8f   Thumb Code     0  startup_stm32f40_41xxx.o(.text)
    TIM1_BRK_TIM9_IRQHandler                 0x08005e8f   Thumb Code     0  startup_stm32f40_41xxx.o(.text)
    TIM1_CC_IRQHandler                       0x08005e8f   Thumb Code     0  startup_stm32f40_41xxx.o(.text)
    TIM1_TRG_COM_TIM11_IRQHandler            0x08005e8f   Thumb Code     0  startup_stm32f40_41xxx.o(.text)
    TIM1_UP_TIM10_IRQHandler                 0x08005e8f   Thumb Code     0  startup_stm32f40_41xxx.o(.text)
    TIM2_IRQHandler                          0x08005e8f   Thumb Code     0  startup_stm32f40_41xxx.o(.text)
    TIM3_IRQHandler                          0x08005e8f   Thumb Code     0  startup_stm32f40_41xxx.o(.text)
    TIM4_IRQHandler                          0x08005e8f   Thumb Code     0  startup_stm32f40_41xxx.o(.text)
    TIM5_IRQHandler                          0x08005e8f   Thumb Code     0  startup_stm32f40_41xxx.o(.text)
    TIM7_IRQHandler                          0x08005e8f   Thumb Code     0  startup_stm32f40_41xxx.o(.text)
    TIM8_BRK_TIM12_IRQHandler                0x08005e8f   Thumb Code     0  startup_stm32f40_41xxx.o(.text)
    TIM8_CC_IRQHandler                       0x08005e8f   Thumb Code     0  startup_stm32f40_41xxx.o(.text)
    TIM8_TRG_COM_TIM14_IRQHandler            0x08005e8f   Thumb Code     0  startup_stm32f40_41xxx.o(.text)
    TIM8_UP_TIM13_IRQHandler                 0x08005e8f   Thumb Code     0  startup_stm32f40_41xxx.o(.text)
    UART4_IRQHandler                         0x08005e8f   Thumb Code     0  startup_stm32f40_41xxx.o(.text)
    UART5_IRQHandler                         0x08005e8f   Thumb Code     0  startup_stm32f40_41xxx.o(.text)
    USART1_IRQHandler                        0x08005e8f   Thumb Code     0  startup_stm32f40_41xxx.o(.text)
    USART2_IRQHandler                        0x08005e8f   Thumb Code     0  startup_stm32f40_41xxx.o(.text)
    USART3_IRQHandler                        0x08005e8f   Thumb Code     0  startup_stm32f40_41xxx.o(.text)
    USART6_IRQHandler                        0x08005e8f   Thumb Code     0  startup_stm32f40_41xxx.o(.text)
    WWDG_IRQHandler                          0x08005e8f   Thumb Code     0  startup_stm32f40_41xxx.o(.text)
    __user_initial_stackheap                 0x08005e91   Thumb Code     0  startup_stm32f40_41xxx.o(.text)
    SystemInit                               0x08005f91   Thumb Code    74  system_stm32f4xx.o(.text)
    SystemCoreClockUpdate                    0x08005fdb   Thumb Code   174  system_stm32f4xx.o(.text)
    NVIC_PriorityGroupConfig                 0x080060b1   Thumb Code    10  misc.o(.text)
    NVIC_Init                                0x080060bb   Thumb Code   106  misc.o(.text)
    NVIC_SetVectorTable                      0x08006125   Thumb Code    14  misc.o(.text)
    NVIC_SystemLPConfig                      0x08006133   Thumb Code    34  misc.o(.text)
    SysTick_CLKSourceConfig                  0x08006155   Thumb Code    40  misc.o(.text)
    RCC_DeInit                               0x08006191   Thumb Code    82  stm32f4xx_rcc.o(.text)
    RCC_HSEConfig                            0x080061e3   Thumb Code    14  stm32f4xx_rcc.o(.text)
    RCC_GetFlagStatus                        0x080061f1   Thumb Code    60  stm32f4xx_rcc.o(.text)
    RCC_WaitForHSEStartUp                    0x0800622d   Thumb Code    56  stm32f4xx_rcc.o(.text)
    RCC_AdjustHSICalibrationValue            0x08006265   Thumb Code    20  stm32f4xx_rcc.o(.text)
    RCC_HSICmd                               0x08006279   Thumb Code     6  stm32f4xx_rcc.o(.text)
    RCC_LSEConfig                            0x0800627f   Thumb Code    46  stm32f4xx_rcc.o(.text)
    RCC_LSICmd                               0x080062ad   Thumb Code     6  stm32f4xx_rcc.o(.text)
    RCC_PLLConfig                            0x080062b3   Thumb Code    32  stm32f4xx_rcc.o(.text)
    RCC_PLLCmd                               0x080062d3   Thumb Code     6  stm32f4xx_rcc.o(.text)
    RCC_PLLI2SConfig                         0x080062d9   Thumb Code    14  stm32f4xx_rcc.o(.text)
    RCC_PLLI2SCmd                            0x080062e7   Thumb Code     6  stm32f4xx_rcc.o(.text)
    RCC_PLLSAIConfig                         0x080062ed   Thumb Code    20  stm32f4xx_rcc.o(.text)
    RCC_PLLSAICmd                            0x08006301   Thumb Code     6  stm32f4xx_rcc.o(.text)
    RCC_ClockSecuritySystemCmd               0x08006307   Thumb Code     6  stm32f4xx_rcc.o(.text)
    RCC_MCO1Config                           0x0800630d   Thumb Code    28  stm32f4xx_rcc.o(.text)
    RCC_MCO2Config                           0x08006329   Thumb Code    28  stm32f4xx_rcc.o(.text)
    RCC_SYSCLKConfig                         0x08006345   Thumb Code    20  stm32f4xx_rcc.o(.text)
    RCC_GetSYSCLKSource                      0x08006359   Thumb Code    12  stm32f4xx_rcc.o(.text)
    RCC_HCLKConfig                           0x08006365   Thumb Code    20  stm32f4xx_rcc.o(.text)
    RCC_PCLK1Config                          0x08006379   Thumb Code    20  stm32f4xx_rcc.o(.text)
    RCC_PCLK2Config                          0x0800638d   Thumb Code    22  stm32f4xx_rcc.o(.text)
    RCC_GetClocksFreq                        0x080063a3   Thumb Code   222  stm32f4xx_rcc.o(.text)
    RCC_RTCCLKConfig                         0x08006481   Thumb Code    54  stm32f4xx_rcc.o(.text)
    RCC_RTCCLKCmd                            0x080064b7   Thumb Code     8  stm32f4xx_rcc.o(.text)
    RCC_BackupResetCmd                       0x080064bf   Thumb Code     8  stm32f4xx_rcc.o(.text)
    RCC_I2SCLKConfig                         0x080064c7   Thumb Code     6  stm32f4xx_rcc.o(.text)
    RCC_SAIPLLI2SClkDivConfig                0x080064cd   Thumb Code    26  stm32f4xx_rcc.o(.text)
    RCC_SAIPLLSAIClkDivConfig                0x080064e7   Thumb Code    28  stm32f4xx_rcc.o(.text)
    RCC_SAIBlockACLKConfig                   0x08006503   Thumb Code    20  stm32f4xx_rcc.o(.text)
    RCC_SAIBlockBCLKConfig                   0x08006517   Thumb Code    20  stm32f4xx_rcc.o(.text)
    RCC_LTDCCLKDivConfig                     0x0800652b   Thumb Code    20  stm32f4xx_rcc.o(.text)
    RCC_TIMCLKPresConfig                     0x0800653f   Thumb Code     6  stm32f4xx_rcc.o(.text)
    RCC_AHB1PeriphClockCmd                   0x08006545   Thumb Code    34  stm32f4xx_rcc.o(.text)
    RCC_AHB2PeriphClockCmd                   0x08006567   Thumb Code    74  stm32f4xx_rcc.o(.text)
    RCC_AHB3PeriphClockCmd                   0x080065b1   Thumb Code    34  stm32f4xx_rcc.o(.text)
    RCC_APB1PeriphClockCmd                   0x080065d3   Thumb Code    34  stm32f4xx_rcc.o(.text)
    RCC_APB2PeriphClockCmd                   0x080065f5   Thumb Code    34  stm32f4xx_rcc.o(.text)
    RCC_AHB1PeriphResetCmd                   0x08006617   Thumb Code    34  stm32f4xx_rcc.o(.text)
    RCC_AHB2PeriphResetCmd                   0x08006639   Thumb Code    34  stm32f4xx_rcc.o(.text)
    RCC_AHB3PeriphResetCmd                   0x0800665b   Thumb Code    34  stm32f4xx_rcc.o(.text)
    RCC_APB1PeriphResetCmd                   0x0800667d   Thumb Code    34  stm32f4xx_rcc.o(.text)
    RCC_APB2PeriphResetCmd                   0x0800669f   Thumb Code    34  stm32f4xx_rcc.o(.text)
    RCC_AHB1PeriphClockLPModeCmd             0x080066c1   Thumb Code    34  stm32f4xx_rcc.o(.text)
    RCC_AHB2PeriphClockLPModeCmd             0x080066e3   Thumb Code    34  stm32f4xx_rcc.o(.text)
    RCC_AHB3PeriphClockLPModeCmd             0x08006705   Thumb Code    34  stm32f4xx_rcc.o(.text)
    RCC_APB1PeriphClockLPModeCmd             0x08006727   Thumb Code    34  stm32f4xx_rcc.o(.text)
    RCC_APB2PeriphClockLPModeCmd             0x08006749   Thumb Code    34  stm32f4xx_rcc.o(.text)
    RCC_ITConfig                             0x0800676b   Thumb Code    34  stm32f4xx_rcc.o(.text)
    RCC_ClearFlag                            0x0800678d   Thumb Code    18  stm32f4xx_rcc.o(.text)
    RCC_GetITStatus                          0x0800679f   Thumb Code    22  stm32f4xx_rcc.o(.text)
    RCC_ClearITPendingBit                    0x080067b5   Thumb Code     8  stm32f4xx_rcc.o(.text)
    SPI_I2S_DeInit                           0x080067c1   Thumb Code   152  stm32f4xx_spi.o(.text)
    SPI_Init                                 0x08006859   Thumb Code    60  stm32f4xx_spi.o(.text)
    I2S_Init                                 0x08006895   Thumb Code   350  stm32f4xx_spi.o(.text)
    SPI_StructInit                           0x080069f3   Thumb Code    24  stm32f4xx_spi.o(.text)
    I2S_StructInit                           0x08006a0b   Thumb Code    20  stm32f4xx_spi.o(.text)
    SPI_Cmd                                  0x08006a1f   Thumb Code    24  stm32f4xx_spi.o(.text)
    I2S_Cmd                                  0x08006a37   Thumb Code    24  stm32f4xx_spi.o(.text)
    SPI_DataSizeConfig                       0x08006a4f   Thumb Code    18  stm32f4xx_spi.o(.text)
    SPI_BiDirectionalLineConfig              0x08006a61   Thumb Code    28  stm32f4xx_spi.o(.text)
    SPI_NSSInternalSoftwareConfig            0x08006a7d   Thumb Code    30  stm32f4xx_spi.o(.text)
    SPI_SSOutputCmd                          0x08006a9b   Thumb Code    24  stm32f4xx_spi.o(.text)
    SPI_TIModeCmd                            0x08006ab3   Thumb Code    24  stm32f4xx_spi.o(.text)
    I2S_FullDuplexConfig                     0x08006acb   Thumb Code    80  stm32f4xx_spi.o(.text)
    SPI_I2S_ReceiveData                      0x08006b1b   Thumb Code     6  stm32f4xx_spi.o(.text)
    SPI_I2S_SendData                         0x08006b21   Thumb Code     4  stm32f4xx_spi.o(.text)
    SPI_CalculateCRC                         0x08006b25   Thumb Code    24  stm32f4xx_spi.o(.text)
    SPI_TransmitCRC                          0x08006b3d   Thumb Code    10  stm32f4xx_spi.o(.text)
    SPI_GetCRC                               0x08006b47   Thumb Code    16  stm32f4xx_spi.o(.text)
    SPI_GetCRCPolynomial                     0x08006b57   Thumb Code     6  stm32f4xx_spi.o(.text)
    SPI_I2S_DMACmd                           0x08006b5d   Thumb Code    18  stm32f4xx_spi.o(.text)
    SPI_I2S_ITConfig                         0x08006b6f   Thumb Code    32  stm32f4xx_spi.o(.text)
    SPI_I2S_GetFlagStatus                    0x08006b8f   Thumb Code    50  stm32f4xx_spi.o(.text)
    SPI_I2S_ClearFlag                        0x08006bc1   Thumb Code     6  stm32f4xx_spi.o(.text)
    SPI_I2S_GetITStatus                      0x08006bc7   Thumb Code    52  stm32f4xx_spi.o(.text)
    SPI_I2S_ClearITPendingBit                0x08006bfb   Thumb Code    20  stm32f4xx_spi.o(.text)
    SDIO_DeInit                              0x08006c11   Thumb Code    22  stm32f4xx_sdio.o(.text)
    SDIO_Init                                0x08006c27   Thumb Code    42  stm32f4xx_sdio.o(.text)
    SDIO_StructInit                          0x08006c51   Thumb Code    16  stm32f4xx_sdio.o(.text)
    SDIO_ClockCmd                            0x08006c61   Thumb Code     6  stm32f4xx_sdio.o(.text)
    SDIO_SetPowerState                       0x08006c67   Thumb Code     8  stm32f4xx_sdio.o(.text)
    SDIO_GetPowerState                       0x08006c6f   Thumb Code    12  stm32f4xx_sdio.o(.text)
    SDIO_SendCommand                         0x08006c7b   Thumb Code    42  stm32f4xx_sdio.o(.text)
    SDIO_CmdStructInit                       0x08006ca5   Thumb Code    14  stm32f4xx_sdio.o(.text)
    SDIO_GetCommandResponse                  0x08006cb3   Thumb Code    10  stm32f4xx_sdio.o(.text)
    SDIO_GetResponse                         0x08006cbd   Thumb Code    22  stm32f4xx_sdio.o(.text)
    SDIO_DataConfig                          0x08006cd3   Thumb Code    48  stm32f4xx_sdio.o(.text)
    SDIO_DataStructInit                      0x08006d03   Thumb Code    20  stm32f4xx_sdio.o(.text)
    SDIO_GetDataCounter                      0x08006d17   Thumb Code     8  stm32f4xx_sdio.o(.text)
    SDIO_ReadData                            0x08006d1f   Thumb Code     8  stm32f4xx_sdio.o(.text)
    SDIO_WriteData                           0x08006d27   Thumb Code     8  stm32f4xx_sdio.o(.text)
    SDIO_GetFIFOCount                        0x08006d2f   Thumb Code     8  stm32f4xx_sdio.o(.text)
    SDIO_StartSDIOReadWait                   0x08006d37   Thumb Code     6  stm32f4xx_sdio.o(.text)
    SDIO_StopSDIOReadWait                    0x08006d3d   Thumb Code     8  stm32f4xx_sdio.o(.text)
    SDIO_SetSDIOReadWaitMode                 0x08006d45   Thumb Code     8  stm32f4xx_sdio.o(.text)
    SDIO_SetSDIOOperation                    0x08006d4d   Thumb Code     8  stm32f4xx_sdio.o(.text)
    SDIO_SendSDIOSuspendCmd                  0x08006d55   Thumb Code     6  stm32f4xx_sdio.o(.text)
    SDIO_CommandCompletionCmd                0x08006d5b   Thumb Code     8  stm32f4xx_sdio.o(.text)
    SDIO_CEATAITCmd                          0x08006d63   Thumb Code    12  stm32f4xx_sdio.o(.text)
    SDIO_SendCEATACmd                        0x08006d6f   Thumb Code     8  stm32f4xx_sdio.o(.text)
    SDIO_DMACmd                              0x08006d77   Thumb Code     8  stm32f4xx_sdio.o(.text)
    SDIO_ITConfig                            0x08006d7f   Thumb Code    34  stm32f4xx_sdio.o(.text)
    SDIO_GetFlagStatus                       0x08006da1   Thumb Code    22  stm32f4xx_sdio.o(.text)
    SDIO_ClearFlag                           0x08006db7   Thumb Code     8  stm32f4xx_sdio.o(.text)
    SDIO_GetITStatus                         0x08006dbf   Thumb Code    22  stm32f4xx_sdio.o(.text)
    SDIO_ClearITPendingBit                   0x08006dd5   Thumb Code     8  stm32f4xx_sdio.o(.text)
    DMA_DeInit                               0x08006ded   Thumb Code   324  stm32f4xx_dma.o(.text)
    DMA_Init                                 0x08006f31   Thumb Code    82  stm32f4xx_dma.o(.text)
    DMA_StructInit                           0x08006f83   Thumb Code    34  stm32f4xx_dma.o(.text)
    DMA_Cmd                                  0x08006fa5   Thumb Code    22  stm32f4xx_dma.o(.text)
    DMA_PeriphIncOffsetSizeConfig            0x08006fbb   Thumb Code    22  stm32f4xx_dma.o(.text)
    DMA_FlowControllerConfig                 0x08006fd1   Thumb Code    22  stm32f4xx_dma.o(.text)
    DMA_SetCurrDataCounter                   0x08006fe7   Thumb Code     4  stm32f4xx_dma.o(.text)
    DMA_GetCurrDataCounter                   0x08006feb   Thumb Code     8  stm32f4xx_dma.o(.text)
    DMA_DoubleBufferModeConfig               0x08006ff3   Thumb Code    24  stm32f4xx_dma.o(.text)
    DMA_DoubleBufferModeCmd                  0x0800700b   Thumb Code    22  stm32f4xx_dma.o(.text)
    DMA_MemoryTargetConfig                   0x08007021   Thumb Code    10  stm32f4xx_dma.o(.text)
    DMA_GetCurrentMemoryTarget               0x0800702b   Thumb Code    20  stm32f4xx_dma.o(.text)
    DMA_GetCmdStatus                         0x0800703f   Thumb Code    20  stm32f4xx_dma.o(.text)
    DMA_GetFIFOStatus                        0x08007053   Thumb Code    12  stm32f4xx_dma.o(.text)
    DMA_GetFlagStatus                        0x0800705f   Thumb Code    56  stm32f4xx_dma.o(.text)
    DMA_ClearFlag                            0x08007097   Thumb Code    40  stm32f4xx_dma.o(.text)
    DMA_ITConfig                             0x080070bf   Thumb Code    58  stm32f4xx_dma.o(.text)
    DMA_GetITStatus                          0x080070f9   Thumb Code    84  stm32f4xx_dma.o(.text)
    DMA_ClearITPendingBit                    0x0800714d   Thumb Code    40  stm32f4xx_dma.o(.text)
    GPIO_DeInit                              0x08007195   Thumb Code   268  stm32f4xx_gpio.o(.text)
    GPIO_Init                                0x080072a1   Thumb Code   144  stm32f4xx_gpio.o(.text)
    GPIO_StructInit                          0x08007331   Thumb Code    18  stm32f4xx_gpio.o(.text)
    GPIO_PinLockConfig                       0x08007343   Thumb Code    34  stm32f4xx_gpio.o(.text)
    GPIO_ReadInputDataBit                    0x08007365   Thumb Code    18  stm32f4xx_gpio.o(.text)
    GPIO_ReadInputData                       0x08007377   Thumb Code     8  stm32f4xx_gpio.o(.text)
    GPIO_ReadOutputDataBit                   0x0800737f   Thumb Code    18  stm32f4xx_gpio.o(.text)
    GPIO_ReadOutputData                      0x08007391   Thumb Code     8  stm32f4xx_gpio.o(.text)
    GPIO_SetBits                             0x08007399   Thumb Code     4  stm32f4xx_gpio.o(.text)
    GPIO_ResetBits                           0x0800739d   Thumb Code     4  stm32f4xx_gpio.o(.text)
    GPIO_WriteBit                            0x080073a1   Thumb Code    10  stm32f4xx_gpio.o(.text)
    GPIO_Write                               0x080073ab   Thumb Code     4  stm32f4xx_gpio.o(.text)
    GPIO_ToggleBits                          0x080073af   Thumb Code     8  stm32f4xx_gpio.o(.text)
    GPIO_PinAFConfig                         0x080073b7   Thumb Code    70  stm32f4xx_gpio.o(.text)
    __aeabi_uldivmod                         0x08007429   Thumb Code     0  lludivv7m.o(.text)
    _ll_udiv                                 0x08007429   Thumb Code   238  lludivv7m.o(.text)
    __2snprintf                              0x08007519   Thumb Code    48  noretval__2snprintf.o(.text)
    __printf                                 0x0800754d   Thumb Code   104  __printf.o(.text)
    _printf_int_dec                          0x080075b5   Thumb Code   100  _printf_dec.o(.text)
    strtol                                   0x08007629   Thumb Code   112  strtol.o(.text)
    strtok                                   0x08007699   Thumb Code     6  strtok.o(.text)
    strncmp                                  0x080076a5   Thumb Code   150  strncmp.o(.text)
    __aeabi_memclr4                          0x0800773b   Thumb Code     0  rt_memclr_w.o(.text)
    __aeabi_memclr8                          0x0800773b   Thumb Code     0  rt_memclr_w.o(.text)
    __rt_memclr_w                            0x0800773b   Thumb Code    78  rt_memclr_w.o(.text)
    _memset_w                                0x0800773f   Thumb Code     0  rt_memclr_w.o(.text)
    strcmp                                   0x08007789   Thumb Code   128  strcmpv7m.o(.text)
    __use_two_region_memory                  0x08007809   Thumb Code     2  heapauxi.o(.text)
    __rt_heap_escrow$2region                 0x0800780b   Thumb Code     2  heapauxi.o(.text)
    __rt_heap_expand$2region                 0x0800780d   Thumb Code     2  heapauxi.o(.text)
    __rt_ctype_table                         0x08007811   Thumb Code    16  rt_ctype_table.o(.text)
    __aeabi_errno_addr                       0x08007821   Thumb Code     8  rt_errno_addr_intlibspace.o(.text)
    __errno$intlibspace                      0x08007821   Thumb Code     0  rt_errno_addr_intlibspace.o(.text)
    __rt_errno_addr$intlibspace              0x08007821   Thumb Code     0  rt_errno_addr_intlibspace.o(.text)
    _printf_int_common                       0x08007829   Thumb Code   178  _printf_intcommon.o(.text)
    __lib_sel_fp_printf                      0x080078db   Thumb Code     2  _printf_fp_dec.o(.text)
    _printf_fp_dec_real                      0x08007a89   Thumb Code   616  _printf_fp_dec.o(.text)
    _printf_char_common                      0x08007cfb   Thumb Code    32  _printf_char_common.o(.text)
    _sputc                                   0x08007d21   Thumb Code    10  _sputc.o(.text)
    _snputc                                  0x08007d2b   Thumb Code    16  _snputc.o(.text)
    _strtoul                                 0x08007d3b   Thumb Code   158  _strtoul.o(.text)
    __strtok_internal                        0x08007dd9   Thumb Code    64  strtok_int.o(.text)
    __user_libspace                          0x08007e1d   Thumb Code     8  libspace.o(.text)
    __user_perproc_libspace                  0x08007e1d   Thumb Code     0  libspace.o(.text)
    __user_perthread_libspace                0x08007e1d   Thumb Code     0  libspace.o(.text)
    __rt_locale                              0x08007e25   Thumb Code     8  rt_locale_intlibspace.o(.text)
    _ll_udiv10                               0x08007e2d   Thumb Code   138  lludiv10.o(.text)
    _printf_fp_infnan                        0x08007eb9   Thumb Code   112  _printf_fp_infnan.o(.text)
    _chval                                   0x08007f39   Thumb Code    28  _chval.o(.text)
    _btod_etento                             0x08007f55   Thumb Code   212  bigflt0.o(.text)
    strcspn                                  0x0800802d   Thumb Code    32  strcspn.o(.text)
    strspn                                   0x0800804d   Thumb Code    28  strspn.o(.text)
    __user_setup_stackheap                   0x08008069   Thumb Code    74  sys_stackheap_outer.o(.text)
    exit                                     0x080080b3   Thumb Code    12  exit.o(.text)
    _sys_exit                                0x080080c1   Thumb Code     8  sys_exit.o(.text)
    __I$use$semihosting                      0x080080cd   Thumb Code     0  use_no_semi.o(.text)
    __use_no_semihosting_swi                 0x080080cd   Thumb Code     2  use_no_semi.o(.text)
    __semihosting_library_function           0x080080cf   Thumb Code     0  indicate_semi.o(.text)
    _btod_d2e                                0x080080cf   Thumb Code    62  btod.o(CL$$btod_d2e)
    _d2e_denorm_low                          0x0800810d   Thumb Code    70  btod.o(CL$$btod_d2e_denorm_low)
    _d2e_norm_op1                            0x08008153   Thumb Code    96  btod.o(CL$$btod_d2e_norm_op1)
    __btod_div_common                        0x080081b3   Thumb Code   696  btod.o(CL$$btod_div_common)
    _e2e                                     0x080084eb   Thumb Code   198  btod.o(CL$$btod_e2e)
    _btod_ediv                               0x080085b1   Thumb Code    40  btod.o(CL$$btod_ediv)
    _btod_emul                               0x080085d9   Thumb Code    40  btod.o(CL$$btod_emul)
    __btod_mult_common                       0x08008601   Thumb Code   580  btod.o(CL$$btod_mult_common)
    __ARM_fpclassify                         0x08008845   Thumb Code    40  fpclassify.o(i.__ARM_fpclassify)
    _get_lc_ctype                            0x0800886d   Thumb Code    44  lc_ctype_c.o(locale$$code)
    _get_lc_numeric                          0x08008899   Thumb Code    44  lc_numeric_c.o(locale$$code)
    __aeabi_ui2d                             0x080088c5   Thumb Code     0  dflt_clz.o(x$fpl$dfltu)
    _dfltu                                   0x080088c5   Thumb Code    38  dflt_clz.o(x$fpl$dfltu)
    __aeabi_dmul                             0x080088ed   Thumb Code     0  dmul.o(x$fpl$dmul)
    _dmul                                    0x080088ed   Thumb Code   332  dmul.o(x$fpl$dmul)
    __fpl_dnaninf                            0x08008a41   Thumb Code   156  dnaninf.o(x$fpl$dnaninf)
    __fpl_dretinf                            0x08008add   Thumb Code    12  dretinf.o(x$fpl$dretinf)
    _printf_fp_dec                           0x08008ae9   Thumb Code     4  printf1.o(x$fpl$printf1)
    __I$use$fp                               0x08008aec   Number         0  usenofp.o(x$fpl$usenofp)
    Region$$Table$$Base                      0x080090d0   Number         0  anon$$obj.o(Region$$Table)
    Region$$Table$$Limit                     0x080090f0   Number         0  anon$$obj.o(Region$$Table)
    __ctype                                  0x080090fd   Data           0  lc_ctype_c.o(locale$$data)
    tries                                    0x2000000c   Data           1  main.o(.data)
    num                                      0x2000000e   Data           2  main.o(.data)
    tim_conf                                 0x20000010   Data           4  main.o(.data)
    program_state                            0x20000014   Data           1  main.o(.data)
    SYSCLK_Frequency                         0x20000018   Data           4  hal.o(.data)
    HCLK_Frequency                           0x2000001c   Data           4  hal.o(.data)
    PCLK1_Frequency                          0x20000020   Data           4  hal.o(.data)
    PCLK2_Frequency                          0x20000024   Data           4  hal.o(.data)
    clock_initialized                        0x20000028   Data           1  hal.o(.data)
    timestamp                                0x2000002c   Data           4  hal.o(.data)
    spi_state                                0x20000030   Data           1  spi.o(.data)
    current_config                           0x2000003a   Data           9  adc.o(.data)
    TM_DELAY_Initialized                     0x20000050   Data           1  tm_stm32f4_delay.o(.data)
    StopCondition                            0x20000070   Data           4  fatfs_sd_sdio.o(.data)
    TransferError                            0x20000074   Data           1  fatfs_sd_sdio.o(.data)
    TransferEnd                              0x20000078   Data           4  fatfs_sd_sdio.o(.data)
    DMAEndOfTransfer                         0x2000007c   Data           4  fatfs_sd_sdio.o(.data)
    data_filenames                           0x20000082   Data         493  sd_processing.o(.data)
    SystemCoreClock                          0x20000270   Data           4  system_stm32f4xx.o(.data)
    AHBPrescTable                            0x20000274   Data          16  system_stm32f4xx.o(.data)
    adc_conf                                 0x20000298   Data           9  main.o(.bss)
    SDCardInfo                               0x200004d8   Data          88  fatfs_sd_sdio.o(.bss)
    SDIO_InitStructure                       0x20000530   Data          24  fatfs_sd_sdio.o(.bss)
    SDIO_CmdInitStructure                    0x20000548   Data          20  fatfs_sd_sdio.o(.bss)
    SDIO_DataInitStructure                   0x2000055c   Data          24  fatfs_sd_sdio.o(.bss)
    __libspace_start                         0x20004a20   Data          96  libspace.o(.bss)
    __temporary_stack_top$libspace           0x20004a80   Data           0  libspace.o(.bss)



==============================================================================

Memory Map of the image

  Image Entry point : 0x08005e75

  Load Region LR_1 (Base: 0x08000000, Size: 0x000094b4, Max: 0xffffffff, ABSOLUTE, COMPRESSED[0x000092c8])

    Execution Region ER_RO (Base: 0x08000000, Size: 0x0000921c, Max: 0xffffffff, ABSOLUTE)

    Base Addr    Size         Type   Attr      Idx    E Section Name        Object

    0x08000000   0x00000188   Data   RO          436    RESET               startup_stm32f40_41xxx.o
    0x08000188   0x00000008   Code   RO          657  * !!!main             c_w.l(__main.o)
    0x08000190   0x00000034   Code   RO          912    !!!scatter          c_w.l(__scatter.o)
    0x080001c4   0x0000005a   Code   RO          910    !!dczerorl2         c_w.l(__dczerorl2.o)
    0x0800021e   0x00000002   PAD
    0x08000220   0x0000001c   Code   RO          914    !!handler_zi        c_w.l(__scatter_zi.o)
    0x0800023c   0x00000000   Code   RO          643    .ARM.Collect$$_printf_percent$$00000000  c_w.l(_printf_percent.o)
    0x0800023c   0x00000006   Code   RO          642    .ARM.Collect$$_printf_percent$$00000003  c_w.l(_printf_f.o)
    0x08000242   0x00000006   Code   RO          641    .ARM.Collect$$_printf_percent$$00000009  c_w.l(_printf_d.o)
    0x08000248   0x00000004   Code   RO          691    .ARM.Collect$$_printf_percent$$00000017  c_w.l(_printf_percent_end.o)
    0x0800024c   0x00000002   Code   RO          786    .ARM.Collect$$libinit$$00000000  c_w.l(libinit.o)
    0x0800024e   0x00000000   Code   RO          788    .ARM.Collect$$libinit$$00000002  c_w.l(libinit2.o)
    0x0800024e   0x00000000   Code   RO          791    .ARM.Collect$$libinit$$00000008  c_w.l(libinit2.o)
    0x0800024e   0x00000000   Code   RO          793    .ARM.Collect$$libinit$$0000000A  c_w.l(libinit2.o)
    0x0800024e   0x00000000   Code   RO          795    .ARM.Collect$$libinit$$0000000C  c_w.l(libinit2.o)
    0x0800024e   0x00000006   Code   RO          796    .ARM.Collect$$libinit$$0000000D  c_w.l(libinit2.o)
    0x08000254   0x00000000   Code   RO          798    .ARM.Collect$$libinit$$0000000F  c_w.l(libinit2.o)
    0x08000254   0x0000000c   Code   RO          799    .ARM.Collect$$libinit$$00000010  c_w.l(libinit2.o)
    0x08000260   0x00000000   Code   RO          800    .ARM.Collect$$libinit$$00000011  c_w.l(libinit2.o)
    0x08000260   0x00000000   Code   RO          802    .ARM.Collect$$libinit$$00000013  c_w.l(libinit2.o)
    0x08000260   0x0000000a   Code   RO          803    .ARM.Collect$$libinit$$00000014  c_w.l(libinit2.o)
    0x0800026a   0x00000000   Code   RO          804    .ARM.Collect$$libinit$$00000015  c_w.l(libinit2.o)
    0x0800026a   0x00000000   Code   RO          806    .ARM.Collect$$libinit$$00000017  c_w.l(libinit2.o)
    0x0800026a   0x00000000   Code   RO          808    .ARM.Collect$$libinit$$00000019  c_w.l(libinit2.o)
    0x0800026a   0x00000000   Code   RO          810    .ARM.Collect$$libinit$$0000001B  c_w.l(libinit2.o)
    0x0800026a   0x00000000   Code   RO          812    .ARM.Collect$$libinit$$0000001D  c_w.l(libinit2.o)
    0x0800026a   0x00000000   Code   RO          814    .ARM.Collect$$libinit$$0000001F  c_w.l(libinit2.o)
    0x0800026a   0x00000000   Code   RO          816    .ARM.Collect$$libinit$$00000021  c_w.l(libinit2.o)
    0x0800026a   0x00000000   Code   RO          818    .ARM.Collect$$libinit$$00000023  c_w.l(libinit2.o)
    0x0800026a   0x00000000   Code   RO          822    .ARM.Collect$$libinit$$0000002A  c_w.l(libinit2.o)
    0x0800026a   0x00000000   Code   RO          824    .ARM.Collect$$libinit$$0000002C  c_w.l(libinit2.o)
    0x0800026a   0x00000000   Code   RO          826    .ARM.Collect$$libinit$$0000002E  c_w.l(libinit2.o)
    0x0800026a   0x00000000   Code   RO          828    .ARM.Collect$$libinit$$00000030  c_w.l(libinit2.o)
    0x0800026a   0x00000002   Code   RO          829    .ARM.Collect$$libinit$$00000031  c_w.l(libinit2.o)
    0x0800026c   0x00000002   Code   RO          876    .ARM.Collect$$libshutdown$$00000000  c_w.l(libshutdown.o)
    0x0800026e   0x00000000   Code   RO          895    .ARM.Collect$$libshutdown$$00000003  c_w.l(libshutdown2.o)
    0x0800026e   0x00000000   Code   RO          898    .ARM.Collect$$libshutdown$$00000006  c_w.l(libshutdown2.o)
    0x0800026e   0x00000000   Code   RO          901    .ARM.Collect$$libshutdown$$00000009  c_w.l(libshutdown2.o)
    0x0800026e   0x00000000   Code   RO          903    .ARM.Collect$$libshutdown$$0000000B  c_w.l(libshutdown2.o)
    0x0800026e   0x00000000   Code   RO          906    .ARM.Collect$$libshutdown$$0000000E  c_w.l(libshutdown2.o)
    0x0800026e   0x00000002   Code   RO          907    .ARM.Collect$$libshutdown$$0000000F  c_w.l(libshutdown2.o)
    0x08000270   0x00000000   Code   RO          669    .ARM.Collect$$rtentry$$00000000  c_w.l(rtentry.o)
    0x08000270   0x00000000   Code   RO          705    .ARM.Collect$$rtentry$$00000002  c_w.l(rtentry2.o)
    0x08000270   0x00000006   Code   RO          717    .ARM.Collect$$rtentry$$00000004  c_w.l(rtentry4.o)
    0x08000276   0x00000000   Code   RO          707    .ARM.Collect$$rtentry$$00000009  c_w.l(rtentry2.o)
    0x08000276   0x00000004   Code   RO          708    .ARM.Collect$$rtentry$$0000000A  c_w.l(rtentry2.o)
    0x0800027a   0x00000000   Code   RO          710    .ARM.Collect$$rtentry$$0000000C  c_w.l(rtentry2.o)
    0x0800027a   0x00000008   Code   RO          711    .ARM.Collect$$rtentry$$0000000D  c_w.l(rtentry2.o)
    0x08000282   0x00000002   Code   RO          830    .ARM.Collect$$rtexit$$00000000  c_w.l(rtexit.o)
    0x08000284   0x00000000   Code   RO          845    .ARM.Collect$$rtexit$$00000002  c_w.l(rtexit2.o)
    0x08000284   0x00000004   Code   RO          846    .ARM.Collect$$rtexit$$00000003  c_w.l(rtexit2.o)
    0x08000288   0x00000006   Code   RO          847    .ARM.Collect$$rtexit$$00000004  c_w.l(rtexit2.o)
    0x0800028e   0x00000002   PAD
    0x08000290   0x000001f0   Code   RO            3    .text               main.o
    0x08000480   0x00000484   Code   RO          114    .text               hal.o
    0x08000904   0x000002d8   Code   RO          151    .text               spi.o
    0x08000bdc   0x00000204   Code   RO          177    .text               adc.o
    0x08000de0   0x00000128   Code   RO          228    .text               tm_stm32f4_delay.o
    0x08000f08   0x0000003c   Code   RO          258    .text               tm_stm32f4_fatfs.o
    0x08000f44   0x00000084   Code   RO          281    .text               diskio.o
    0x08000fc8   0x0000298a   Code   RO          310    .text               ff.o
    0x08003952   0x00000002   PAD
    0x08003954   0x00000080   Code   RO          335    .text               unicode.o
    0x080039d4   0x00001e18   Code   RO          363    .text               fatfs_sd_sdio.o
    0x080057ec   0x00000688   Code   RO          396    .text               sd_processing.o
    0x08005e74   0x00000040   Code   RO          437  * .text               startup_stm32f40_41xxx.o
    0x08005eb4   0x000001fc   Code   RO          443    .text               system_stm32f4xx.o
    0x080060b0   0x000000e0   Code   RO          469    .text               misc.o
    0x08006190   0x00000630   Code   RO          489    .text               stm32f4xx_rcc.o
    0x080067c0   0x0000044e   Code   RO          511    .text               stm32f4xx_spi.o
    0x08006c0e   0x00000002   PAD
    0x08006c10   0x000001dc   Code   RO          531    .text               stm32f4xx_sdio.o
    0x08006dec   0x000003a8   Code   RO          551    .text               stm32f4xx_dma.o
    0x08007194   0x00000294   Code   RO          571    .text               stm32f4xx_gpio.o
    0x08007428   0x000000ee   Code   RO          611    .text               c_w.l(lludivv7m.o)
    0x08007516   0x00000002   PAD
    0x08007518   0x00000034   Code   RO          615    .text               c_w.l(noretval__2snprintf.o)
    0x0800754c   0x00000068   Code   RO          617    .text               c_w.l(__printf.o)
    0x080075b4   0x00000074   Code   RO          619    .text               c_w.l(_printf_dec.o)
    0x08007628   0x00000070   Code   RO          644    .text               c_w.l(strtol.o)
    0x08007698   0x0000000c   Code   RO          646    .text               c_w.l(strtok.o)
    0x080076a4   0x00000096   Code   RO          649    .text               c_w.l(strncmp.o)
    0x0800773a   0x0000004e   Code   RO          651    .text               c_w.l(rt_memclr_w.o)
    0x08007788   0x00000080   Code   RO          653    .text               c_w.l(strcmpv7m.o)
    0x08007808   0x00000006   Code   RO          655    .text               c_w.l(heapauxi.o)
    0x0800780e   0x00000002   PAD
    0x08007810   0x00000010   Code   RO          670    .text               c_w.l(rt_ctype_table.o)
    0x08007820   0x00000008   Code   RO          679    .text               c_w.l(rt_errno_addr_intlibspace.o)
    0x08007828   0x000000b2   Code   RO          681    .text               c_w.l(_printf_intcommon.o)
    0x080078da   0x00000416   Code   RO          683    .text               c_w.l(_printf_fp_dec.o)
    0x08007cf0   0x00000030   Code   RO          685    .text               c_w.l(_printf_char_common.o)
    0x08007d20   0x0000000a   Code   RO          687    .text               c_w.l(_sputc.o)
    0x08007d2a   0x00000010   Code   RO          689    .text               c_w.l(_snputc.o)
    0x08007d3a   0x0000009e   Code   RO          692    .text               c_w.l(_strtoul.o)
    0x08007dd8   0x00000044   Code   RO          694    .text               c_w.l(strtok_int.o)
    0x08007e1c   0x00000008   Code   RO          701    .text               c_w.l(libspace.o)
    0x08007e24   0x00000008   Code   RO          724    .text               c_w.l(rt_locale_intlibspace.o)
    0x08007e2c   0x0000008a   Code   RO          726    .text               c_w.l(lludiv10.o)
    0x08007eb6   0x00000002   PAD
    0x08007eb8   0x00000080   Code   RO          728    .text               c_w.l(_printf_fp_infnan.o)
    0x08007f38   0x0000001c   Code   RO          732    .text               c_w.l(_chval.o)
    0x08007f54   0x000000d8   Code   RO          734    .text               c_w.l(bigflt0.o)
    0x0800802c   0x00000020   Code   RO          765    .text               c_w.l(strcspn.o)
    0x0800804c   0x0000001c   Code   RO          767    .text               c_w.l(strspn.o)
    0x08008068   0x0000004a   Code   RO          773    .text               c_w.l(sys_stackheap_outer.o)
    0x080080b2   0x0000000c   Code   RO          775    .text               c_w.l(exit.o)
    0x080080be   0x00000002   PAD
    0x080080c0   0x0000000c   Code   RO          842    .text               c_w.l(sys_exit.o)
    0x080080cc   0x00000002   Code   RO          863    .text               c_w.l(use_no_semi.o)
    0x080080ce   0x00000000   Code   RO          865    .text               c_w.l(indicate_semi.o)
    0x080080ce   0x0000003e   Code   RO          737    CL$$btod_d2e        c_w.l(btod.o)
    0x0800810c   0x00000046   Code   RO          739    CL$$btod_d2e_denorm_low  c_w.l(btod.o)
    0x08008152   0x00000060   Code   RO          738    CL$$btod_d2e_norm_op1  c_w.l(btod.o)
    0x080081b2   0x00000338   Code   RO          747    CL$$btod_div_common  c_w.l(btod.o)
    0x080084ea   0x000000c6   Code   RO          744    CL$$btod_e2e        c_w.l(btod.o)
    0x080085b0   0x00000028   Code   RO          741    CL$$btod_ediv       c_w.l(btod.o)
    0x080085d8   0x00000028   Code   RO          740    CL$$btod_emul       c_w.l(btod.o)
    0x08008600   0x00000244   Code   RO          746    CL$$btod_mult_common  c_w.l(btod.o)
    0x08008844   0x00000028   Code   RO          771    i.__ARM_fpclassify  m_ws.l(fpclassify.o)
    0x0800886c   0x0000002c   Code   RO          760    locale$$code        c_w.l(lc_ctype_c.o)
    0x08008898   0x0000002c   Code   RO          763    locale$$code        c_w.l(lc_numeric_c.o)
    0x080088c4   0x00000026   Code   RO          659    x$fpl$dfltu         fz_ws.l(dflt_clz.o)
    0x080088ea   0x00000002   PAD
    0x080088ec   0x00000154   Code   RO          665    x$fpl$dmul          fz_ws.l(dmul.o)
    0x08008a40   0x0000009c   Code   RO          696    x$fpl$dnaninf       fz_ws.l(dnaninf.o)
    0x08008adc   0x0000000c   Code   RO          698    x$fpl$dretinf       fz_ws.l(dretinf.o)
    0x08008ae8   0x00000004   Code   RO          667    x$fpl$printf1       fz_ws.l(printf1.o)
    0x08008aec   0x00000000   Code   RO          700    x$fpl$usenofp       fz_ws.l(usenofp.o)
    0x08008aec   0x0000008d   Data   RO          312    .constdata          ff.o
    0x08008b79   0x00000001   PAD
    0x08008b7a   0x000004c0   Data   RO          336    .constdata          unicode.o
    0x0800903a   0x00000002   PAD
    0x0800903c   0x00000094   Data   RO          735    .constdata          c_w.l(bigflt0.o)
    0x080090d0   0x00000020   Data   RO          908    Region$$Table       anon$$obj.o
    0x080090f0   0x00000110   Data   RO          759    locale$$data        c_w.l(lc_ctype_c.o)
    0x08009200   0x0000001c   Data   RO          762    locale$$data        c_w.l(lc_numeric_c.o)


    Execution Region ER_RW (Base: 0x20000000, Size: 0x00000298, Max: 0xffffffff, ABSOLUTE, COMPRESSED[0x000000ac])

    Base Addr    Size         Type   Attr      Idx    E Section Name        Object

    0x20000000   0x00000015   Data   RW            5    .data               main.o
    0x20000015   0x00000003   PAD
    0x20000018   0x00000018   Data   RW          115    .data               hal.o
    0x20000030   0x00000001   Data   RW          152    .data               spi.o
    0x20000031   0x00000012   Data   RW          178    .data               adc.o
    0x20000043   0x00000001   PAD
    0x20000044   0x0000000d   Data   RW          229    .data               tm_stm32f4_delay.o
    0x20000051   0x00000003   PAD
    0x20000054   0x00000006   Data   RW          313    .data               ff.o
    0x2000005a   0x00000002   PAD
    0x2000005c   0x00000025   Data   RW          365    .data               fatfs_sd_sdio.o
    0x20000081   0x000001ee   Data   RW          398    .data               sd_processing.o
    0x2000026f   0x00000001   PAD
    0x20000270   0x00000014   Data   RW          444    .data               system_stm32f4xx.o
    0x20000284   0x00000010   Data   RW          490    .data               stm32f4xx_rcc.o
    0x20000294   0x00000004   Data   RW          647    .data               c_w.l(strtok.o)


    Execution Region ER_ZI (Base: 0x20000298, Size: 0x00004de8, Max: 0xffffffff, ABSOLUTE)

    Base Addr    Size         Type   Attr      Idx    E Section Name        Object

    0x20000298   0x00000009   Zero   RW            4    .bss                main.o
    0x200002a1   0x00000001   PAD
    0x200002a2   0x00000200   Zero   RW          311    .bss                ff.o
    0x200004a2   0x00000006   PAD
    0x200004a8   0x000000cc   Zero   RW          364    .bss                fatfs_sd_sdio.o
    0x20000574   0x000044ac   Zero   RW          397    .bss                sd_processing.o
    0x20004a20   0x00000060   Zero   RW          702    .bss                c_w.l(libspace.o)
    0x20004a80   0x00000200   Zero   RW          435    HEAP                startup_stm32f40_41xxx.o
    0x20004c80   0x00000400   Zero   RW          434    STACK               startup_stm32f40_41xxx.o


==============================================================================

Image component sizes


      Code (inc. data)   RO Data    RW Data    ZI Data      Debug   Object Name

       516         18          0         18          0       2484   adc.o
       132          4          0          0          0       3722   diskio.o
      7704        286          0         37        204      30055   fatfs_sd_sdio.o
     10634         86        141          6        512      33211   ff.o
      1156         86          0         24          0      31964   hal.o
       496         72          0         21          9     307335   main.o
       224         20          0          0          0       1869   misc.o
      1672        406          0        494      17580       4562   sd_processing.o
       728         12          0          1          0       3060   spi.o
        64         26        392          0       1536        824   startup_stm32f40_41xxx.o
       936         32          0          0          0       6357   stm32f4xx_dma.o
       660         44          0          0          0       4057   stm32f4xx_gpio.o
      1584         48          0         16          0      12758   stm32f4xx_rcc.o
       476         16          0          0          0       7256   stm32f4xx_sdio.o
      1102         32          0          0          0       6825   stm32f4xx_spi.o
       508         40          0         20          0       1859   system_stm32f4xx.o
       296         32          0         13          0      29659   tm_stm32f4_delay.o
        60          4          0          0          0       1009   tm_stm32f4_fatfs.o
       128         12       1216          0          0       2029   unicode.o

    ----------------------------------------------------------------------
     29080       1276       1784        660      19848     490895   Object Totals
         0          0         32          0          0          0   (incl. Generated)
         4          0          3         10          7          0   (incl. Padding)

    ----------------------------------------------------------------------

      Code (inc. data)   RO Data    RW Data    ZI Data      Debug   Library Member Name

        90          0          0          0          0          0   __dczerorl2.o
         8          0          0          0          0         68   __main.o
       104          0          0          0          0         84   __printf.o
        52          8          0          0          0          0   __scatter.o
        28          0          0          0          0          0   __scatter_zi.o
        28          0          0          0          0         68   _chval.o
        48          6          0          0          0         96   _printf_char_common.o
         6          0          0          0          0          0   _printf_d.o
       116         16          0          0          0         92   _printf_dec.o
         6          0          0          0          0          0   _printf_f.o
      1046          0          0          0          0        216   _printf_fp_dec.o
       128         16          0          0          0         84   _printf_fp_infnan.o
       178          0          0          0          0         88   _printf_intcommon.o
         0          0          0          0          0          0   _printf_percent.o
         4          0          0          0          0          0   _printf_percent_end.o
        16          0          0          0          0         68   _snputc.o
        10          0          0          0          0         68   _sputc.o
       158          0          0          0          0         92   _strtoul.o
       216          4        148          0          0         96   bigflt0.o
      1910        128          0          0          0        672   btod.o
        12          0          0          0          0         72   exit.o
         6          0          0          0          0        152   heapauxi.o
         0          0          0          0          0          0   indicate_semi.o
        44         10        272          0          0         76   lc_ctype_c.o
        44         10         28          0          0         76   lc_numeric_c.o
         2          0          0          0          0          0   libinit.o
        30          0          0          0          0          0   libinit2.o
         2          0          0          0          0          0   libshutdown.o
         2          0          0          0          0          0   libshutdown2.o
         8          4          0          0         96         68   libspace.o
       138          0          0          0          0         80   lludiv10.o
       238          0          0          0          0        100   lludivv7m.o
        52          4          0          0          0         84   noretval__2snprintf.o
        16          4          0          0          0         76   rt_ctype_table.o
         8          4          0          0          0         68   rt_errno_addr_intlibspace.o
         8          4          0          0          0         68   rt_locale_intlibspace.o
        78          0          0          0          0         80   rt_memclr_w.o
         0          0          0          0          0          0   rtentry.o
        12          0          0          0          0          0   rtentry2.o
         6          0          0          0          0          0   rtentry4.o
         2          0          0          0          0          0   rtexit.o
        10          0          0          0          0          0   rtexit2.o
       128          0          0          0          0         68   strcmpv7m.o
        32          0          0          0          0         80   strcspn.o
       150          0          0          0          0         80   strncmp.o
        28          0          0          0          0         80   strspn.o
        12          6          0          4          0         68   strtok.o
        68          4          0          0          0         84   strtok_int.o
       112          0          0          0          0         88   strtol.o
        12          4          0          0          0         68   sys_exit.o
        74          0          0          0          0         80   sys_stackheap_outer.o
         2          0          0          0          0         68   use_no_semi.o
        38          0          0          0          0         68   dflt_clz.o
       340         12          0          0          0        104   dmul.o
       156          4          0          0          0         92   dnaninf.o
        12          0          0          0          0         68   dretinf.o
         4          0          0          0          0         68   printf1.o
         0          0          0          0          0          0   usenofp.o
        40          0          0          0          0         68   fpclassify.o

    ----------------------------------------------------------------------
      6092        248        448          4         96       4024   Library Totals
        14          0          0          0          0          0   (incl. Padding)

    ----------------------------------------------------------------------

      Code (inc. data)   RO Data    RW Data    ZI Data      Debug   Library Name

      5488        232        448          4         96       3556   c_w.l
       550         16          0          0          0        400   fz_ws.l
        40          0          0          0          0         68   m_ws.l

    ----------------------------------------------------------------------
      6092        248        448          4         96       4024   Library Totals

    ----------------------------------------------------------------------

==============================================================================


      Code (inc. data)   RO Data    RW Data    ZI Data      Debug   

     35172       1524       2232        664      19944     490599   Grand Totals
     35172       1524       2232        172      19944     490599   ELF Image Totals (compressed)
     35172       1524       2232        172          0          0   ROM Totals

==============================================================================

    Total RO  Size (Code + RO Data)                37404 (  36.53kB)
    Total RW  Size (RW Data + ZI Data)             20608 (  20.13kB)
    Total ROM Size (Code + RO Data + RW Data)      37576 (  36.70kB)

==============================================================================

